
> nodejs-webstreams-perf@1.0.0 fetch:gc
> ../node/node --trace-gc bench/fetch.js

[161698:0x55f1ec88e050]       33 ms: Scavenge 4.9 (5.0) -> 4.4 (6.0) MB, 0.6 / 0.0 ms  (average mu = 1.000, current mu = 1.000) allocation failure; 
[161698:0x55f1ec88e050]       39 ms: Scavenge 5.1 (6.3) -> 4.8 (8.8) MB, 0.6 / 0.0 ms  (average mu = 1.000, current mu = 1.000) allocation failure; 
[161698:0x55f1ec88e050]       62 ms: Scavenge 7.1 (9.3) -> 6.1 (10.0) MB, 0.4 / 0.0 ms  (average mu = 1.000, current mu = 1.000) allocation failure; 
[161698:0x55f1ec88e050]       84 ms: Scavenge 8.2 (10.4) -> 7.6 (15.4) MB, 0.7 / 0.0 ms  (average mu = 1.000, current mu = 1.000) allocation failure; 
[161698:0x55f1ec88e050]       98 ms: Scavenge 10.8 (15.4) -> 9.8 (16.2) MB, 1.3 / 0.0 ms  (average mu = 1.000, current mu = 1.000) allocation failure; 
[161698:0x55f1ec88e050]      104 ms: Scavenge 11.4 (16.2) -> 10.7 (26.7) MB, 1.8 / 0.0 ms  (average mu = 1.000, current mu = 1.000) allocation failure; 
[161698:0x55f1ec88e050]      124 ms: Scavenge 17.8 (26.9) -> 15.8 (27.9) MB, 2.7 / 0.0 ms  (average mu = 1.000, current mu = 1.000) allocation failure; 
[161698:0x55f1ec88e050]      135 ms: Scavenge 18.8 (27.9) -> 17.5 (47.9) MB, 2.9 / 0.0 ms  (average mu = 1.000, current mu = 1.000) allocation failure; 
[161698:0x55f1ec88e050]      178 ms: Mark-Compact 19.2 (47.9) -> 16.7 (50.2) MB, 2.1 / 0.0 ms  (+ 0.6 ms in 9 steps since start of marking, biggest step 0.2 ms, walltime since start of marking 11 ms) (average mu = 1.000, current mu = 1.000) finalize incremental marking via task; GC in old space requested
[161698:0x55f1ec88e050]      272 ms: Scavenge 33.1 (50.7) -> 19.8 (50.7) MB, 1.2 / 0.1 ms  (average mu = 1.000, current mu = 1.000) task; 
[161698:0x55f1ec88e050]      343 ms: Scavenge 34.6 (51.4) -> 22.1 (53.4) MB, 2.4 / 0.1 ms  (average mu = 1.000, current mu = 1.000) allocation failure; 
[161698:0x55f1ec88e050]      415 ms: Scavenge 37.1 (53.9) -> 24.5 (55.7) MB, 4.4 / 0.1 ms  (average mu = 1.000, current mu = 1.000) allocation failure; 
[161698:0x55f1ec88e050]      475 ms: Scavenge 38.6 (56.2) -> 26.7 (58.2) MB, 4.0 / 0.2 ms  (average mu = 1.000, current mu = 1.000) task; 
[161698:0x55f1ec88e050]      535 ms: Scavenge 41.5 (58.4) -> 29.0 (60.4) MB, 2.4 / 0.2 ms  (average mu = 1.000, current mu = 1.000) allocation failure; 
[161698:0x55f1ec88e050]      579 ms: Scavenge 43.7 (60.7) -> 38.4 (62.7) MB, 6.1 / 0.0 ms  (average mu = 1.000, current mu = 1.000) allocation failure; 
[161698:0x55f1ec88e050]      604 ms: Scavenge 45.3 (62.7) -> 40.4 (70.9) MB, 4.1 / 0.0 ms  (average mu = 1.000, current mu = 1.000) task; 
[161698:0x55f1ec88e050]      658 ms: Scavenge 54.3 (71.4) -> 42.7 (74.4) MB, 3.4 / 0.2 ms  (average mu = 1.000, current mu = 1.000) allocation failure; 
[161698:0x55f1ec88e050]      712 ms: Scavenge 57.8 (75.2) -> 45.1 (76.9) MB, 2.0 / 0.2 ms  (average mu = 1.000, current mu = 1.000) task; 
[161698:0x55f1ec88e050]      762 ms: Scavenge 60.0 (77.4) -> 47.5 (79.2) MB, 2.3 / 0.2 ms  (average mu = 1.000, current mu = 1.000) task; 
[161698:0x55f1ec88e050]      809 ms: Scavenge 62.2 (79.7) -> 49.7 (81.2) MB, 2.7 / 0.2 ms  (average mu = 1.000, current mu = 1.000) task; 
[161698:0x55f1ec88e050]      854 ms: Scavenge 64.9 (82.2) -> 55.4 (84.2) MB, 3.7 / 0.1 ms  (average mu = 1.000, current mu = 1.000) allocation failure; 
[161698:0x55f1ec88e050]      882 ms: Scavenge 67.1 (84.4) -> 62.6 (89.4) MB, 4.5 / 0.0 ms  (average mu = 1.000, current mu = 1.000) allocation failure; 
[161698:0x55f1ec88e050]      912 ms: Scavenge 71.6 (89.4) -> 63.2 (95.7) MB, 3.6 / 0.1 ms  (average mu = 1.000, current mu = 1.000) allocation failure; 
[161698:0x55f1ec88e050]      961 ms: Scavenge 78.9 (96.4) -> 65.8 (97.9) MB, 2.0 / 0.2 ms  (average mu = 1.000, current mu = 1.000) allocation failure; 
[161698:0x55f1ec88e050]     1004 ms: Scavenge 79.9 (98.2) -> 68.0 (100.7) MB, 2.2 / 0.2 ms  (average mu = 1.000, current mu = 1.000) task; 
[161698:0x55f1ec88e050]     1045 ms: Mark-Compact 80.6 (100.7) -> 12.3 (76.4) MB, 3.2 / 1.1 ms  (+ 1.5 ms in 28 steps since start of marking, biggest step 0.1 ms, walltime since start of marking 11 ms) (average mu = 0.995, current mu = 0.995) finalize incremental marking via task; GC in old space requested
[161698:0x55f1ec88e050]     1092 ms: Scavenge 28.7 (76.4) -> 15.1 (76.4) MB, 1.3 / 0.1 ms  (average mu = 0.995, current mu = 0.995) task; 
[161698:0x55f1ec88e050]     1120 ms: Scavenge 30.7 (76.4) -> 26.6 (76.4) MB, 4.2 / 0.0 ms  (average mu = 0.995, current mu = 0.995) allocation failure; 
[161698:0x55f1ec88e050]     1139 ms: Scavenge 32.3 (76.4) -> 26.0 (76.4) MB, 3.3 / 0.1 ms  (average mu = 0.995, current mu = 0.995) task; 
[161698:0x55f1ec88e050]     1189 ms: Scavenge 42.0 (76.4) -> 28.7 (76.4) MB, 1.6 / 0.2 ms  (average mu = 0.995, current mu = 0.995) task; 
[161698:0x55f1ec88e050]     1233 ms: Scavenge 43.5 (76.4) -> 31.0 (76.4) MB, 2.1 / 0.2 ms  (average mu = 0.995, current mu = 0.995) task; 
[161698:0x55f1ec88e050]     1278 ms: Scavenge 46.0 (76.4) -> 33.4 (76.4) MB, 2.5 / 0.2 ms  (average mu = 0.995, current mu = 0.995) task; 
[161698:0x55f1ec88e050]     1321 ms: Scavenge 47.8 (76.4) -> 35.7 (76.4) MB, 1.9 / 0.1 ms  (average mu = 0.995, current mu = 0.995) task; 
[161698:0x55f1ec88e050]     1350 ms: Scavenge 51.4 (76.4) -> 46.0 (76.4) MB, 4.5 / 0.0 ms  (average mu = 0.995, current mu = 0.995) allocation failure; 
[161698:0x55f1ec88e050]     1365 ms: Scavenge 51.2 (76.4) -> 46.8 (78.9) MB, 4.1 / 0.0 ms  (average mu = 0.995, current mu = 0.995) task; 
[161698:0x55f1ec88e050]     1408 ms: Scavenge 61.1 (78.9) -> 49.0 (81.2) MB, 2.4 / 0.2 ms  (average mu = 0.995, current mu = 0.995) task; 
[161698:0x55f1ec88e050]     1453 ms: Scavenge 64.1 (81.4) -> 51.4 (83.4) MB, 1.8 / 0.2 ms  (average mu = 0.995, current mu = 0.995) allocation failure; 
[161698:0x55f1ec88e050]     1467 ms: Mark-Compact 54.0 (83.4) -> 15.1 (78.4) MB, 2.6 / 0.6 ms  (+ 2.3 ms in 32 steps since start of marking, biggest step 0.2 ms, walltime since start of marking 12 ms) (average mu = 0.993, current mu = 0.988) finalize incremental marking via task; GC in old space requested
[161698:0x55f1ec88e050]     1514 ms: Scavenge 31.9 (78.4) -> 18.1 (78.4) MB, 1.3 / 0.1 ms  (average mu = 0.993, current mu = 0.988) allocation failure; 
[161698:0x55f1ec88e050]     1557 ms: Scavenge 32.8 (78.4) -> 20.4 (78.4) MB, 2.4 / 0.2 ms  (average mu = 0.993, current mu = 0.988) allocation failure; 
[161698:0x55f1ec88e050]     1585 ms: Scavenge 36.0 (78.4) -> 30.7 (78.4) MB, 3.7 / 0.1 ms  (average mu = 0.993, current mu = 0.988) allocation failure; 
[161698:0x55f1ec88e050]     1605 ms: Scavenge 38.0 (78.4) -> 31.8 (78.4) MB, 3.3 / 0.1 ms  (average mu = 0.993, current mu = 0.988) allocation failure; 
[161698:0x55f1ec88e050]     1647 ms: Scavenge 46.2 (78.4) -> 33.9 (78.4) MB, 1.9 / 0.1 ms  (average mu = 0.993, current mu = 0.988) task; 
[161698:0x55f1ec88e050]     1686 ms: Scavenge 48.0 (78.4) -> 36.2 (78.4) MB, 1.8 / 0.1 ms  (average mu = 0.993, current mu = 0.988) task; 
[161698:0x55f1ec88e050]     1729 ms: Scavenge 51.3 (78.4) -> 38.5 (78.4) MB, 2.2 / 0.2 ms  (average mu = 0.993, current mu = 0.988) allocation failure; 
[161698:0x55f1ec88e050]     1770 ms: Scavenge 53.3 (78.4) -> 40.9 (78.4) MB, 1.8 / 0.1 ms  (average mu = 0.993, current mu = 0.988) task; 
[161698:0x55f1ec88e050]     1802 ms: Scavenge 56.5 (78.4) -> 49.2 (78.4) MB, 3.1 / 0.1 ms  (average mu = 0.993, current mu = 0.988) allocation failure; 
[161698:0x55f1ec88e050]     1821 ms: Scavenge 57.4 (78.4) -> 52.8 (82.4) MB, 3.4 / 0.0 ms  (average mu = 0.993, current mu = 0.988) task; 
[161698:0x55f1ec88e050]     1859 ms: Scavenge 65.3 (82.7) -> 54.6 (87.2) MB, 3.5 / 0.2 ms  (average mu = 0.993, current mu = 0.988) allocation failure; 
[161698:0x55f1ec88e050]     1899 ms: Scavenge 68.6 (87.2) -> 56.7 (89.2) MB, 1.6 / 0.1 ms  (average mu = 0.993, current mu = 0.988) task; 
[161698:0x55f1ec88e050]     1942 ms: Scavenge 71.9 (89.4) -> 59.2 (91.4) MB, 2.9 / 0.2 ms  (average mu = 0.993, current mu = 0.988) task; 
[161698:0x55f1ec88e050]     1984 ms: Scavenge 74.0 (91.7) -> 61.5 (93.7) MB, 1.9 / 0.1 ms  (average mu = 0.993, current mu = 0.988) task; 
[161698:0x55f1ec88e050]     2023 ms: Scavenge 76.6 (94.2) -> 66.6 (96.4) MB, 2.8 / 0.1 ms  (average mu = 0.993, current mu = 0.988) allocation failure; 
[161698:0x55f1ec88e050]     2046 ms: Scavenge 79.0 (96.9) -> 74.3 (101.2) MB, 4.4 / 0.1 ms  (average mu = 0.993, current mu = 0.988) task; 
[161698:0x55f1ec88e050]     2056 ms: Mark-Compact 75.6 (101.2) -> 18.8 (87.4) MB, 3.4 / 0.8 ms  (+ 1.5 ms in 20 steps since start of marking, biggest step 0.1 ms, walltime since start of marking 10 ms) (average mu = 0.992, current mu = 0.992) finalize incremental marking via task; GC in old space requested
[161698:0x55f1ec88e050]     2103 ms: Scavenge 35.6 (87.4) -> 21.7 (87.4) MB, 1.3 / 0.1 ms  (average mu = 0.992, current mu = 0.992) allocation failure; 
[161698:0x55f1ec88e050]     2144 ms: Scavenge 36.5 (87.4) -> 24.0 (87.4) MB, 2.3 / 0.2 ms  (average mu = 0.992, current mu = 0.992) task; 
[161698:0x55f1ec88e050]     2183 ms: Scavenge 37.9 (87.4) -> 26.2 (87.4) MB, 1.7 / 0.1 ms  (average mu = 0.992, current mu = 0.992) task; 
[161698:0x55f1ec88e050]     2224 ms: Scavenge 41.3 (87.4) -> 28.6 (87.4) MB, 2.2 / 0.2 ms  (average mu = 0.992, current mu = 0.992) allocation failure; 
[161698:0x55f1ec88e050]     2255 ms: Scavenge 44.1 (87.4) -> 37.4 (87.4) MB, 3.3 / 0.1 ms  (average mu = 0.992, current mu = 0.992) allocation failure; 
[161698:0x55f1ec88e050]     2273 ms: Scavenge 44.7 (87.4) -> 40.3 (87.4) MB, 5.1 / 0.0 ms  (average mu = 0.992, current mu = 0.992) task; 
[161698:0x55f1ec88e050]     2308 ms: Scavenge 53.0 (87.4) -> 42.0 (87.4) MB, 1.9 / 0.2 ms  (average mu = 0.992, current mu = 0.992) task; 
[161698:0x55f1ec88e050]     2349 ms: Scavenge 56.7 (87.4) -> 44.3 (87.4) MB, 1.9 / 0.1 ms  (average mu = 0.992, current mu = 0.992) task; 
[161698:0x55f1ec88e050]     2389 ms: Scavenge 59.3 (87.4) -> 46.8 (87.4) MB, 2.1 / 0.2 ms  (average mu = 0.992, current mu = 0.992) task; 
[161698:0x55f1ec88e050]     2428 ms: Scavenge 60.7 (87.4) -> 48.9 (87.4) MB, 1.9 / 0.1 ms  (average mu = 0.992, current mu = 0.992) task; 
[161698:0x55f1ec88e050]     2466 ms: Scavenge 64.3 (87.4) -> 54.0 (87.4) MB, 2.5 / 0.1 ms  (average mu = 0.992, current mu = 0.992) allocation failure; 
[161698:0x55f1ec88e050]     2488 ms: Scavenge 65.9 (87.4) -> 61.8 (88.4) MB, 4.4 / 0.0 ms  (average mu = 0.992, current mu = 0.992) task; 
[161698:0x55f1ec88e050]     2516 ms: Scavenge 70.8 (88.4) -> 62.5 (95.2) MB, 3.5 / 0.1 ms  (average mu = 0.992, current mu = 0.992) allocation failure; 
[161698:0x55f1ec88e050]     2558 ms: Scavenge 77.4 (95.9) -> 65.0 (97.2) MB, 2.9 / 0.2 ms  (average mu = 0.992, current mu = 0.992) task; 
[161698:0x55f1ec88e050]     2598 ms: Scavenge 79.2 (97.7) -> 67.2 (99.4) MB, 1.9 / 0.1 ms  (average mu = 0.992, current mu = 0.992) task; 
[161698:0x55f1ec88e050]     2639 ms: Scavenge 81.9 (99.9) -> 69.5 (101.9) MB, 2.3 / 0.2 ms  (average mu = 0.992, current mu = 0.992) task; 
[161698:0x55f1ec88e050]     2679 ms: Scavenge 83.7 (102.2) -> 71.7 (104.2) MB, 2.1 / 0.2 ms  (average mu = 0.992, current mu = 0.992) task; 
[161698:0x55f1ec88e050]     2707 ms: Scavenge 87.6 (105.4) -> 83.4 (107.4) MB, 5.1 / 0.0 ms  (average mu = 0.992, current mu = 0.992) allocation failure; 
[161698:0x55f1ec88e050]     2727 ms: Scavenge 88.8 (107.4) -> 82.7 (116.4) MB, 3.8 / 0.1 ms  (average mu = 0.992, current mu = 0.992) task; 
[161698:0x55f1ec88e050]     2741 ms: Mark-Compact 85.1 (116.4) -> 18.7 (88.2) MB, 3.7 / 1.1 ms  (+ 1.8 ms in 29 steps since start of marking, biggest step 0.1 ms, walltime since start of marking 12 ms) (average mu = 0.992, current mu = 0.992) finalize incremental marking via task; GC in old space requested
[161698:0x55f1ec88e050]     2786 ms: Scavenge 35.0 (88.2) -> 21.6 (88.2) MB, 1.3 / 0.1 ms  (average mu = 0.992, current mu = 0.992) task; 
[161698:0x55f1ec88e050]     2827 ms: Scavenge 36.2 (88.2) -> 23.8 (88.2) MB, 2.1 / 0.3 ms  (average mu = 0.992, current mu = 0.992) task; 
[161698:0x55f1ec88e050]     2865 ms: Scavenge 37.9 (88.2) -> 26.1 (88.2) MB, 1.8 / 0.2 ms  (average mu = 0.992, current mu = 0.992) task; 
[161698:0x55f1ec88e050]     2906 ms: Scavenge 40.8 (88.2) -> 28.4 (88.2) MB, 1.9 / 0.2 ms  (average mu = 0.992, current mu = 0.992) task; 
[161698:0x55f1ec88e050]     2933 ms: Scavenge 44.1 (88.2) -> 39.8 (88.2) MB, 4.6 / 0.0 ms  (average mu = 0.992, current mu = 0.992) allocation failure; 
[161698:0x55f1ec88e050]     2945 ms: Scavenge 43.0 (88.2) -> 39.2 (88.2) MB, 4.2 / 0.0 ms  (average mu = 0.992, current mu = 0.992) task; 
[161698:0x55f1ec88e050]     2987 ms: Scavenge 54.6 (88.2) -> 41.7 (88.2) MB, 1.6 / 0.2 ms  (average mu = 0.992, current mu = 0.992) task; 
[161698:0x55f1ec88e050]     3028 ms: Scavenge 56.1 (88.2) -> 44.0 (88.2) MB, 2.7 / 0.2 ms  (average mu = 0.992, current mu = 0.992) task; 
[161698:0x55f1ec88e050]     3068 ms: Scavenge 58.9 (88.2) -> 46.4 (88.2) MB, 1.8 / 0.1 ms  (average mu = 0.992, current mu = 0.992) task; 
[161698:0x55f1ec88e050]     3109 ms: Scavenge 61.1 (88.2) -> 48.7 (88.2) MB, 1.8 / 0.2 ms  (average mu = 0.992, current mu = 0.992) task; 
[161698:0x55f1ec88e050]     3142 ms: Scavenge 64.1 (88.2) -> 55.9 (88.2) MB, 3.4 / 0.1 ms  (average mu = 0.992, current mu = 0.992) allocation failure; 
[161698:0x55f1ec88e050]     3162 ms: Scavenge 65.4 (88.2) -> 60.9 (89.4) MB, 3.4 / 0.0 ms  (average mu = 0.992, current mu = 0.992) task; 
[161698:0x55f1ec88e050]     3191 ms: Scavenge 70.7 (89.7) -> 62.0 (95.2) MB, 3.2 / 0.1 ms  (average mu = 0.992, current mu = 0.992) task; 
[161698:0x55f1ec88e050]     3242 ms: Scavenge 76.7 (95.2) -> 64.3 (96.7) MB, 10.8 / 0.2 ms  (average mu = 0.992, current mu = 0.992) task; 
[161698:0x55f1ec88e050]     3286 ms: Scavenge 78.2 (96.9) -> 66.4 (98.7) MB, 2.4 / 0.2 ms  (average mu = 0.992, current mu = 0.992) task; 
[161698:0x55f1ec88e050]     3329 ms: Scavenge 80.5 (99.4) -> 68.9 (101.7) MB, 2.6 / 0.2 ms  (average mu = 0.992, current mu = 0.992) task; 
[161698:0x55f1ec88e050]     3370 ms: Scavenge 82.8 (101.7) -> 71.0 (103.7) MB, 2.3 / 0.2 ms  (average mu = 0.992, current mu = 0.992) task; 
[161698:0x55f1ec88e050]     3399 ms: Scavenge 86.9 (104.7) -> 82.7 (106.4) MB, 5.5 / 0.0 ms  (average mu = 0.992, current mu = 0.992) allocation failure; 
[161698:0x55f1ec88e050]     3409 ms: Scavenge 85.2 (106.4) -> 81.7 (115.4) MB, 3.3 / 0.0 ms  (average mu = 0.992, current mu = 0.992) task; 
[161698:0x55f1ec88e050]     3433 ms: Mark-Compact 85.7 (115.4) -> 19.4 (89.4) MB, 6.7 / 1.2 ms  (+ 2.9 ms in 42 steps since start of marking, biggest step 0.4 ms, walltime since start of marking 19 ms) (average mu = 0.989, current mu = 0.986) finalize incremental marking via task; GC in old space requested
[161698:0x55f1ec88e050]     3479 ms: Scavenge 35.8 (89.4) -> 22.3 (89.4) MB, 1.6 / 0.2 ms  (average mu = 0.989, current mu = 0.986) task; 
[161698:0x55f1ec88e050]     3521 ms: Scavenge 36.8 (89.4) -> 24.5 (89.4) MB, 2.1 / 0.2 ms  (average mu = 0.989, current mu = 0.986) task; 
[161698:0x55f1ec88e050]     3562 ms: Scavenge 38.7 (89.4) -> 26.7 (89.4) MB, 3.3 / 0.2 ms  (average mu = 0.989, current mu = 0.986) task; 
[161698:0x55f1ec88e050]     3604 ms: Scavenge 41.6 (89.4) -> 29.1 (89.4) MB, 1.7 / 0.1 ms  (average mu = 0.989, current mu = 0.986) task; 
[161698:0x55f1ec88e050]     3633 ms: Scavenge 44.8 (89.4) -> 40.0 (89.4) MB, 6.7 / 0.0 ms  (average mu = 0.989, current mu = 0.986) allocation failure; 
[161698:0x55f1ec88e050]     3645 ms: Scavenge 43.6 (89.4) -> 40.1 (89.4) MB, 3.7 / 0.0 ms  (average mu = 0.989, current mu = 0.986) task; 
[161698:0x55f1ec88e050]     3688 ms: Scavenge 55.3 (89.4) -> 42.5 (89.4) MB, 1.9 / 0.2 ms  (average mu = 0.989, current mu = 0.986) task; 
[161698:0x55f1ec88e050]     3730 ms: Scavenge 57.5 (89.4) -> 44.9 (89.4) MB, 2.5 / 0.1 ms  (average mu = 0.989, current mu = 0.986) allocation failure; 
[161698:0x55f1ec88e050]     3769 ms: Scavenge 59.3 (89.4) -> 47.2 (89.4) MB, 1.9 / 0.2 ms  (average mu = 0.989, current mu = 0.986) task; 
[161698:0x55f1ec88e050]     3810 ms: Scavenge 61.6 (89.4) -> 49.4 (89.4) MB, 1.9 / 0.1 ms  (average mu = 0.989, current mu = 0.986) task; 
[161698:0x55f1ec88e050]     3847 ms: Scavenge 64.8 (89.4) -> 56.1 (89.4) MB, 3.8 / 0.1 ms  (average mu = 0.989, current mu = 0.986) allocation failure; 
[161698:0x55f1ec88e050]     3868 ms: Scavenge 66.7 (89.4) -> 61.9 (89.7) MB, 3.6 / 0.0 ms  (average mu = 0.989, current mu = 0.986) task; 
[161698:0x55f1ec88e050]     3901 ms: Scavenge 72.7 (90.2) -> 63.2 (95.9) MB, 2.5 / 0.1 ms  (average mu = 0.989, current mu = 0.986) allocation failure; 
[161698:0x55f1ec88e050]     3943 ms: Scavenge 77.7 (96.2) -> 65.5 (97.4) MB, 2.2 / 0.2 ms  (average mu = 0.989, current mu = 0.986) task; 
[161698:0x55f1ec88e050]     3985 ms: Scavenge 79.9 (98.2) -> 67.7 (99.9) MB, 2.0 / 0.1 ms  (average mu = 0.989, current mu = 0.986) task; 
[161698:0x55f1ec88e050]     4030 ms: Scavenge 82.7 (100.4) -> 70.0 (102.4) MB, 3.0 / 0.3 ms  (average mu = 0.989, current mu = 0.986) allocation failure; 
[161698:0x55f1ec88e050]     4071 ms: Scavenge 85.2 (102.9) -> 74.2 (104.9) MB, 2.4 / 0.1 ms  (average mu = 0.989, current mu = 0.986) allocation failure; 
[161698:0x55f1ec88e050]     4090 ms: Scavenge 85.4 (105.7) -> 83.1 (108.7) MB, 5.3 / 0.0 ms  (average mu = 0.989, current mu = 0.986) task; 
[161698:0x55f1ec88e050]     4117 ms: Scavenge 91.1 (108.9) -> 83.5 (116.9) MB, 3.9 / 0.1 ms  (average mu = 0.989, current mu = 0.986) allocation failure; 
[161698:0x55f1ec88e050]     4138 ms: Mark-Compact 87.8 (117.2) -> 19.4 (90.9) MB, 3.5 / 1.2 ms  (+ 3.0 ms in 55 steps since start of marking, biggest step 0.1 ms, walltime since start of marking 19 ms) (average mu = 0.990, current mu = 0.991) finalize incremental marking via task; GC in old space requested
[161698:0x55f1ec88e050]     4185 ms: Scavenge 36.0 (90.9) -> 22.3 (90.9) MB, 1.4 / 0.2 ms  (average mu = 0.990, current mu = 0.991) task; 
[161698:0x55f1ec88e050]     4225 ms: Scavenge 36.2 (90.9) -> 24.4 (90.9) MB, 1.9 / 0.1 ms  (average mu = 0.990, current mu = 0.991) task; 
[161698:0x55f1ec88e050]     4268 ms: Scavenge 39.3 (90.9) -> 26.8 (90.9) MB, 1.9 / 0.2 ms  (average mu = 0.990, current mu = 0.991) task; 
[161698:0x55f1ec88e050]     4313 ms: Scavenge 42.0 (90.9) -> 30.9 (90.9) MB, 6.1 / 0.2 ms  (average mu = 0.990, current mu = 0.991) allocation failure; 
[161698:0x55f1ec88e050]     4332 ms: Scavenge 42.0 (90.9) -> 39.8 (90.9) MB, 6.3 / 0.0 ms  (average mu = 0.990, current mu = 0.991) task; 
[161698:0x55f1ec88e050]     4358 ms: Scavenge 48.0 (90.9) -> 40.4 (90.9) MB, 2.8 / 0.1 ms  (average mu = 0.990, current mu = 0.991) allocation failure; 
[161698:0x55f1ec88e050]     4400 ms: Scavenge 55.5 (90.9) -> 42.8 (90.9) MB, 2.0 / 0.2 ms  (average mu = 0.990, current mu = 0.991) task; 
[161698:0x55f1ec88e050]     4440 ms: Scavenge 57.3 (90.9) -> 45.0 (90.9) MB, 2.0 / 0.2 ms  (average mu = 0.990, current mu = 0.991) task; 
[161698:0x55f1ec88e050]     4482 ms: Scavenge 60.0 (90.9) -> 47.4 (90.9) MB, 1.9 / 0.2 ms  (average mu = 0.990, current mu = 0.991) task; 
[161698:0x55f1ec88e050]     4521 ms: Scavenge 61.8 (90.9) -> 49.6 (90.9) MB, 1.9 / 0.2 ms  (average mu = 0.990, current mu = 0.991) task; 
[161698:0x55f1ec88e050]     4550 ms: Scavenge 65.6 (90.9) -> 60.7 (90.9) MB, 5.4 / 0.0 ms  (average mu = 0.990, current mu = 0.991) allocation failure; 
[161698:0x55f1ec88e050]     4562 ms: Scavenge 64.4 (90.9) -> 60.8 (93.4) MB, 3.6 / 0.0 ms  (average mu = 0.990, current mu = 0.991) task; 
[161698:0x55f1ec88e050]     4603 ms: Scavenge 75.2 (93.7) -> 63.0 (95.7) MB, 1.8 / 0.2 ms  (average mu = 0.990, current mu = 0.991) task; 
[161698:0x55f1ec88e050]     4644 ms: Scavenge 77.6 (95.7) -> 65.2 (97.7) MB, 2.1 / 0.1 ms  (average mu = 0.990, current mu = 0.991) task; 
[161698:0x55f1ec88e050]     4685 ms: Scavenge 79.5 (97.9) -> 67.5 (99.9) MB, 2.0 / 0.2 ms  (average mu = 0.990, current mu = 0.991) task; 
[161698:0x55f1ec88e050]     4726 ms: Scavenge 82.1 (100.2) -> 69.7 (102.4) MB, 1.9 / 0.2 ms  (average mu = 0.990, current mu = 0.991) task; 
[161698:0x55f1ec88e050]     4763 ms: Scavenge 85.2 (102.9) -> 75.9 (104.9) MB, 3.2 / 0.2 ms  (average mu = 0.990, current mu = 0.991) allocation failure; 
[161698:0x55f1ec88e050]     4787 ms: Scavenge 87.5 (105.4) -> 82.5 (109.9) MB, 4.6 / 0.0 ms  (average mu = 0.990, current mu = 0.991) task; 
[161698:0x55f1ec88e050]     4817 ms: Scavenge 92.4 (110.2) -> 83.5 (116.7) MB, 2.9 / 0.1 ms  (average mu = 0.990, current mu = 0.991) allocation failure; 
[161698:0x55f1ec88e050]     4834 ms: Mark-Compact 86.6 (116.9) -> 18.6 (90.7) MB, 3.2 / 1.0 ms  (+ 2.4 ms in 49 steps since start of marking, biggest step 0.1 ms, walltime since start of marking 17 ms) (average mu = 0.991, current mu = 0.992) finalize incremental marking via task; GC in old space requested
[161698:0x55f1ec88e050]     4877 ms: Scavenge 34.2 (90.7) -> 21.3 (90.7) MB, 1.2 / 0.1 ms  (average mu = 0.991, current mu = 0.992) task; 
[161698:0x55f1ec88e050]     4919 ms: Scavenge 36.2 (90.7) -> 23.7 (90.7) MB, 1.8 / 0.1 ms  (average mu = 0.991, current mu = 0.992) allocation failure; 
[161698:0x55f1ec88e050]     4960 ms: Scavenge 38.7 (90.7) -> 26.0 (90.7) MB, 2.1 / 0.2 ms  (average mu = 0.991, current mu = 0.992) allocation failure; 
[161698:0x55f1ec88e050]     4995 ms: Scavenge 41.4 (90.7) -> 32.9 (90.7) MB, 3.4 / 0.1 ms  (average mu = 0.991, current mu = 0.992) allocation failure; 
[161698:0x55f1ec88e050]     5013 ms: Scavenge 42.4 (90.7) -> 38.4 (90.7) MB, 3.7 / 0.0 ms  (average mu = 0.991, current mu = 0.992) task; 
[161698:0x55f1ec88e050]     5044 ms: Scavenge 48.7 (90.7) -> 39.4 (90.7) MB, 3.1 / 0.1 ms  (average mu = 0.991, current mu = 0.992) task; 
[161698:0x55f1ec88e050]     5085 ms: Scavenge 54.4 (90.7) -> 41.9 (90.7) MB, 1.8 / 0.2 ms  (average mu = 0.991, current mu = 0.992) task; 
[161698:0x55f1ec88e050]     5124 ms: Scavenge 56.0 (90.7) -> 44.1 (90.7) MB, 2.0 / 0.1 ms  (average mu = 0.991, current mu = 0.992) task; 
[161698:0x55f1ec88e050]     5166 ms: Scavenge 58.9 (90.7) -> 46.4 (90.7) MB, 2.2 / 0.2 ms  (average mu = 0.991, current mu = 0.992) task; 
[161698:0x55f1ec88e050]     5207 ms: Scavenge 61.5 (90.7) -> 49.5 (90.7) MB, 2.3 / 0.2 ms  (average mu = 0.991, current mu = 0.992) allocation failure; 
[161698:0x55f1ec88e050]     5229 ms: Scavenge 62.3 (90.7) -> 59.8 (90.7) MB, 7.3 / 0.0 ms  (average mu = 0.991, current mu = 0.992) task; 
[161698:0x55f1ec88e050]     5250 ms: Scavenge 66.5 (90.7) -> 59.9 (92.7) MB, 3.1 / 0.1 ms  (average mu = 0.991, current mu = 0.992) task; 
[161698:0x55f1ec88e050]     5292 ms: Scavenge 74.4 (93.2) -> 62.1 (93.9) MB, 2.6 / 0.2 ms  (average mu = 0.991, current mu = 0.992) task; 
[161698:0x55f1ec88e050]     5336 ms: Scavenge 77.3 (94.9) -> 64.7 (96.9) MB, 2.2 / 0.2 ms  (average mu = 0.991, current mu = 0.992) task; 
[161698:0x55f1ec88e050]     5378 ms: Scavenge 78.9 (97.2) -> 66.8 (99.2) MB, 2.6 / 0.2 ms  (average mu = 0.991, current mu = 0.992) task; 
[161698:0x55f1ec88e050]     5420 ms: Scavenge 81.7 (99.7) -> 69.3 (101.9) MB, 2.0 / 0.2 ms  (average mu = 0.991, current mu = 0.992) task; 
[161698:0x55f1ec88e050]     5453 ms: Scavenge 84.7 (102.4) -> 78.6 (104.2) MB, 5.6 / 0.1 ms  (average mu = 0.991, current mu = 0.992) allocation failure; 
[161698:0x55f1ec88e050]     5469 ms: Scavenge 84.7 (104.4) -> 80.7 (112.2) MB, 4.2 / 0.0 ms  (average mu = 0.991, current mu = 0.992) task; 
[161698:0x55f1ec88e050]     5488 ms: Mark-Compact 84.3 (112.4) -> 19.6 (89.9) MB, 3.4 / 0.9 ms  (+ 2.9 ms in 43 steps since start of marking, biggest step 0.2 ms, walltime since start of marking 16 ms) (average mu = 0.991, current mu = 0.990) finalize incremental marking via task; GC in old space requested
[161698:0x55f1ec88e050]     5535 ms: Scavenge 36.4 (89.9) -> 22.5 (89.9) MB, 1.4 / 0.1 ms  (average mu = 0.991, current mu = 0.990) allocation failure; 
[161698:0x55f1ec88e050]     5578 ms: Scavenge 37.3 (89.9) -> 24.8 (89.9) MB, 2.2 / 0.1 ms  (average mu = 0.991, current mu = 0.990) allocation failure; 
[161698:0x55f1ec88e050]     5621 ms: Scavenge 39.9 (89.9) -> 27.2 (89.9) MB, 1.8 / 0.1 ms  (average mu = 0.991, current mu = 0.990) allocation failure; 
[161698:0x55f1ec88e050]     5659 ms: Scavenge 41.4 (89.9) -> 29.4 (89.9) MB, 1.8 / 0.2 ms  (average mu = 0.991, current mu = 0.990) task; 
[161698:0x55f1ec88e050]     5686 ms: Scavenge 45.2 (89.9) -> 40.3 (89.9) MB, 4.3 / 0.0 ms  (average mu = 0.991, current mu = 0.990) allocation failure; 
[161698:0x55f1ec88e050]     5698 ms: Scavenge 43.7 (89.9) -> 40.4 (89.9) MB, 4.2 / 0.0 ms  (average mu = 0.991, current mu = 0.990) task; 
[161698:0x55f1ec88e050]     5736 ms: Scavenge 54.3 (89.9) -> 42.6 (89.9) MB, 1.8 / 0.1 ms  (average mu = 0.991, current mu = 0.990) task; 
[161698:0x55f1ec88e050]     5777 ms: Scavenge 57.5 (89.9) -> 45.0 (89.9) MB, 2.0 / 0.1 ms  (average mu = 0.991, current mu = 0.990) task; 
[161698:0x55f1ec88e050]     5815 ms: Scavenge 59.0 (89.9) -> 47.2 (89.9) MB, 1.9 / 0.2 ms  (average mu = 0.991, current mu = 0.990) task; 
[161698:0x55f1ec88e050]     5853 ms: Scavenge 61.0 (89.9) -> 49.3 (89.9) MB, 2.2 / 0.2 ms  (average mu = 0.991, current mu = 0.990) task; 
[161698:0x55f1ec88e050]     5891 ms: Scavenge 64.6 (89.9) -> 54.1 (89.9) MB, 2.5 / 0.1 ms  (average mu = 0.991, current mu = 0.990) allocation failure; 
[161698:0x55f1ec88e050]     5908 ms: Scavenge 65.0 (89.9) -> 62.4 (89.9) MB, 3.8 / 0.0 ms  (average mu = 0.991, current mu = 0.990) task; 
[161698:0x55f1ec88e050]     5934 ms: Scavenge 71.0 (89.9) -> 62.9 (95.9) MB, 2.9 / 0.1 ms  (average mu = 0.991, current mu = 0.990) task; 
[161698:0x55f1ec88e050]     5975 ms: Scavenge 78.0 (96.2) -> 65.3 (97.4) MB, 2.0 / 0.2 ms  (average mu = 0.991, current mu = 0.990) task; 
[161698:0x55f1ec88e050]     6015 ms: Scavenge 79.3 (97.9) -> 67.5 (99.7) MB, 2.2 / 0.2 ms  (average mu = 0.991, current mu = 0.990) task; 
[161698:0x55f1ec88e050]     6054 ms: Scavenge 81.4 (100.2) -> 69.7 (102.2) MB, 1.8 / 0.1 ms  (average mu = 0.991, current mu = 0.990) task; 
[161698:0x55f1ec88e050]     6099 ms: Scavenge 84.7 (102.4) -> 72.0 (104.2) MB, 3.9 / 0.2 ms  (average mu = 0.991, current mu = 0.990) allocation failure; 
[161698:0x55f1ec88e050]     6128 ms: Scavenge 87.7 (105.4) -> 82.9 (107.4) MB, 4.9 / 0.1 ms  (average mu = 0.991, current mu = 0.990) allocation failure; 
[161698:0x55f1ec88e050]     6141 ms: Scavenge 86.7 (107.4) -> 83.0 (116.2) MB, 4.1 / 0.0 ms  (average mu = 0.991, current mu = 0.990) task; 
[161698:0x55f1ec88e050]     6154 ms: Mark-Compact 85.4 (116.4) -> 18.8 (90.7) MB, 3.0 / 0.9 ms  (+ 1.9 ms in 24 steps since start of marking, biggest step 0.1 ms, walltime since start of marking 10 ms) (average mu = 0.992, current mu = 0.993) finalize incremental marking via task; GC in old space requested
[161698:0x55f1ec88e050]     6198 ms: Scavenge 35.2 (90.7) -> 21.7 (90.7) MB, 1.2 / 0.1 ms  (average mu = 0.992, current mu = 0.993) task; 
[161698:0x55f1ec88e050]     6239 ms: Scavenge 36.5 (90.7) -> 24.0 (90.7) MB, 1.8 / 0.1 ms  (average mu = 0.992, current mu = 0.993) task; 
[161698:0x55f1ec88e050]     6280 ms: Scavenge 38.7 (90.7) -> 26.3 (90.7) MB, 2.7 / 0.1 ms  (average mu = 0.992, current mu = 0.993) task; 
[161698:0x55f1ec88e050]     6320 ms: Scavenge 40.8 (90.7) -> 28.5 (90.7) MB, 2.0 / 0.1 ms  (average mu = 0.992, current mu = 0.993) task; 
[161698:0x55f1ec88e050]     6351 ms: Scavenge 44.2 (90.7) -> 38.1 (90.7) MB, 4.9 / 0.1 ms  (average mu = 0.992, current mu = 0.993) allocation failure; 
[161698:0x55f1ec88e050]     6366 ms: Scavenge 43.8 (90.7) -> 40.1 (90.7) MB, 5.1 / 0.0 ms  (average mu = 0.992, current mu = 0.993) task; 
[161698:0x55f1ec88e050]     6403 ms: Scavenge 53.1 (90.7) -> 42.0 (90.7) MB, 1.8 / 0.1 ms  (average mu = 0.992, current mu = 0.993) task; 
[161698:0x55f1ec88e050]     6445 ms: Scavenge 56.8 (90.7) -> 44.3 (90.7) MB, 2.1 / 0.1 ms  (average mu = 0.992, current mu = 0.993) task; 
[161698:0x55f1ec88e050]     6484 ms: Scavenge 58.4 (90.7) -> 46.5 (90.7) MB, 2.0 / 0.2 ms  (average mu = 0.992, current mu = 0.993) task; 
[161698:0x55f1ec88e050]     6524 ms: Scavenge 61.5 (90.7) -> 48.9 (90.7) MB, 1.9 / 0.1 ms  (average mu = 0.992, current mu = 0.993) task; 
[161698:0x55f1ec88e050]     6562 ms: Scavenge 64.1 (90.7) -> 53.9 (90.7) MB, 2.8 / 0.1 ms  (average mu = 0.992, current mu = 0.993) allocation failure; 
[161698:0x55f1ec88e050]     6583 ms: Scavenge 65.7 (90.7) -> 61.7 (90.7) MB, 4.5 / 0.0 ms  (average mu = 0.992, current mu = 0.993) task; 
[161698:0x55f1ec88e050]     6611 ms: Scavenge 70.8 (90.7) -> 62.5 (95.4) MB, 4.7 / 0.1 ms  (average mu = 0.992, current mu = 0.993) allocation failure; 
[161698:0x55f1ec88e050]     6653 ms: Scavenge 77.4 (95.7) -> 64.8 (97.2) MB, 1.7 / 0.1 ms  (average mu = 0.992, current mu = 0.993) task; 
[161698:0x55f1ec88e050]     6695 ms: Scavenge 79.6 (97.7) -> 67.3 (99.7) MB, 2.2 / 0.2 ms  (average mu = 0.992, current mu = 0.993) task; 
[161698:0x55f1ec88e050]     6736 ms: Scavenge 81.7 (99.9) -> 69.5 (101.9) MB, 2.0 / 0.2 ms  (average mu = 0.992, current mu = 0.993) task; 
[161698:0x55f1ec88e050]     6777 ms: Scavenge 83.8 (102.2) -> 71.6 (104.2) MB, 2.3 / 0.2 ms  (average mu = 0.992, current mu = 0.993) task; 
[161698:0x55f1ec88e050]     6804 ms: Scavenge 87.6 (105.4) -> 83.3 (107.4) MB, 4.5 / 0.0 ms  (average mu = 0.992, current mu = 0.993) allocation failure; 
[161698:0x55f1ec88e050]     6822 ms: Scavenge 88.7 (107.4) -> 82.8 (116.4) MB, 3.4 / 0.1 ms  (average mu = 0.992, current mu = 0.993) task; 
[161698:0x55f1ec88e050]     6835 ms: Mark-Compact 84.8 (116.4) -> 18.5 (90.9) MB, 2.9 / 1.0 ms  (+ 1.9 ms in 28 steps since start of marking, biggest step 0.1 ms, walltime since start of marking 11 ms) (average mu = 0.992, current mu = 0.993) finalize incremental marking via task; GC in old space requested
[161698:0x55f1ec88e050]     6881 ms: Scavenge 34.9 (90.9) -> 21.4 (90.9) MB, 1.8 / 0.2 ms  (average mu = 0.992, current mu = 0.993) task; 
[161698:0x55f1ec88e050]     6921 ms: Scavenge 36.1 (90.9) -> 23.6 (90.9) MB, 1.9 / 0.2 ms  (average mu = 0.992, current mu = 0.993) task; 
[161698:0x55f1ec88e050]     6960 ms: Scavenge 37.8 (90.9) -> 25.9 (90.9) MB, 1.9 / 0.2 ms  (average mu = 0.992, current mu = 0.993) task; 
[161698:0x55f1ec88e050]     6999 ms: Scavenge 40.0 (90.9) -> 28.1 (90.9) MB, 2.2 / 0.2 ms  (average mu = 0.992, current mu = 0.993) task; 
[161698:0x55f1ec88e050]     7025 ms: Scavenge 44.0 (90.9) -> 39.7 (90.9) MB, 4.4 / 0.0 ms  (average mu = 0.992, current mu = 0.993) allocation failure; 
[161698:0x55f1ec88e050]     7036 ms: Scavenge 42.6 (90.9) -> 38.9 (90.9) MB, 3.3 / 0.0 ms  (average mu = 0.992, current mu = 0.993) task; 
[161698:0x55f1ec88e050]     7081 ms: Scavenge 55.1 (90.9) -> 41.6 (90.9) MB, 1.9 / 0.1 ms  (average mu = 0.992, current mu = 0.993) task; 
[161698:0x55f1ec88e050]     7121 ms: Scavenge 56.5 (90.9) -> 43.9 (90.9) MB, 1.8 / 0.1 ms  (average mu = 0.992, current mu = 0.993) allocation failure; 
[161698:0x55f1ec88e050]     7161 ms: Scavenge 58.5 (90.9) -> 46.2 (90.9) MB, 2.1 / 0.2 ms  (average mu = 0.992, current mu = 0.993) task; 
[161698:0x55f1ec88e050]     7200 ms: Scavenge 60.0 (90.9) -> 48.4 (90.9) MB, 1.8 / 0.2 ms  (average mu = 0.992, current mu = 0.993) task; 
[161698:0x55f1ec88e050]     7233 ms: Scavenge 63.8 (90.9) -> 55.5 (90.9) MB, 2.8 / 0.1 ms  (average mu = 0.992, current mu = 0.993) allocation failure; 
[161698:0x55f1ec88e050]     7252 ms: Scavenge 65.2 (90.9) -> 60.6 (90.9) MB, 3.2 / 0.0 ms  (average mu = 0.992, current mu = 0.993) task; 
[161698:0x55f1ec88e050]     7284 ms: Scavenge 71.9 (90.9) -> 62.0 (94.4) MB, 2.5 / 0.1 ms  (average mu = 0.992, current mu = 0.993) allocation failure; 
[161698:0x55f1ec88e050]     7326 ms: Scavenge 77.4 (95.2) -> 64.5 (96.7) MB, 2.6 / 0.2 ms  (average mu = 0.992, current mu = 0.993) task; 
[161698:0x55f1ec88e050]     7368 ms: Scavenge 79.3 (97.2) -> 66.8 (99.2) MB, 2.2 / 0.1 ms  (average mu = 0.992, current mu = 0.993) task; 
[161698:0x55f1ec88e050]     7408 ms: Scavenge 81.2 (99.4) -> 69.0 (101.2) MB, 1.9 / 0.1 ms  (average mu = 0.992, current mu = 0.993) task; 
[161698:0x55f1ec88e050]     7447 ms: Scavenge 84.2 (101.9) -> 73.7 (103.9) MB, 2.7 / 0.2 ms  (average mu = 0.992, current mu = 0.993) allocation failure; 
[161698:0x55f1ec88e050]     7465 ms: Scavenge 84.2 (104.7) -> 81.9 (108.7) MB, 5.0 / 0.0 ms  (average mu = 0.992, current mu = 0.993) task; 
[161698:0x55f1ec88e050]     7486 ms: Mark-Compact 86.0 (108.7) -> 19.2 (91.7) MB, 3.8 / 1.0 ms  (+ 2.9 ms in 29 steps since start of marking, biggest step 0.9 ms, walltime since start of marking 13 ms) (average mu = 0.991, current mu = 0.990) finalize incremental marking via task; GC in old space requested
[161698:0x55f1ec88e050]     7533 ms: Scavenge 36.0 (91.7) -> 22.1 (91.7) MB, 1.8 / 0.1 ms  (average mu = 0.991, current mu = 0.990) allocation failure; 
[161698:0x55f1ec88e050]     7574 ms: Scavenge 36.9 (91.7) -> 24.4 (91.7) MB, 2.1 / 0.2 ms  (average mu = 0.991, current mu = 0.990) allocation failure; 
[161698:0x55f1ec88e050]     7616 ms: Scavenge 39.4 (91.7) -> 26.7 (91.7) MB, 2.2 / 0.2 ms  (average mu = 0.991, current mu = 0.990) allocation failure; 
[161698:0x55f1ec88e050]     7657 ms: Scavenge 41.8 (91.7) -> 29.1 (91.7) MB, 2.2 / 0.2 ms  (average mu = 0.991, current mu = 0.990) allocation failure; 
[161698:0x55f1ec88e050]     7687 ms: Scavenge 44.7 (91.7) -> 39.1 (91.7) MB, 3.7 / 0.1 ms  (average mu = 0.991, current mu = 0.990) allocation failure; 
[161698:0x55f1ec88e050]     7699 ms: Scavenge 43.5 (91.7) -> 40.3 (91.7) MB, 3.7 / 0.0 ms  (average mu = 0.991, current mu = 0.990) task; 
[161698:0x55f1ec88e050]     7739 ms: Scavenge 54.9 (91.7) -> 42.6 (91.7) MB, 1.9 / 0.2 ms  (average mu = 0.991, current mu = 0.990) allocation failure; 
[161698:0x55f1ec88e050]     7782 ms: Scavenge 57.6 (91.7) -> 44.9 (91.7) MB, 2.9 / 0.2 ms  (average mu = 0.991, current mu = 0.990) allocation failure; 
[161698:0x55f1ec88e050]     7822 ms: Scavenge 59.3 (91.7) -> 47.1 (91.7) MB, 2.0 / 0.2 ms  (average mu = 0.991, current mu = 0.990) task; 
[161698:0x55f1ec88e050]     7864 ms: Scavenge 62.2 (91.7) -> 49.5 (91.7) MB, 2.2 / 0.2 ms  (average mu = 0.991, current mu = 0.990) task; 
[161698:0x55f1ec88e050]     7899 ms: Scavenge 64.9 (91.7) -> 55.7 (91.7) MB, 2.5 / 0.1 ms  (average mu = 0.991, current mu = 0.990) allocation failure; 
[161698:0x55f1ec88e050]     7918 ms: Scavenge 66.3 (91.7) -> 62.2 (91.7) MB, 3.5 / 0.0 ms  (average mu = 0.991, current mu = 0.990) task; 
[161698:0x55f1ec88e050]     7949 ms: Scavenge 72.3 (91.7) -> 63.2 (95.9) MB, 2.8 / 0.1 ms  (average mu = 0.991, current mu = 0.990) allocation failure; 
[161698:0x55f1ec88e050]     7990 ms: Scavenge 77.9 (96.4) -> 65.6 (97.7) MB, 1.8 / 0.1 ms  (average mu = 0.991, current mu = 0.990) task; 
[161698:0x55f1ec88e050]     8032 ms: Scavenge 80.5 (98.2) -> 67.8 (99.9) MB, 1.9 / 0.1 ms  (average mu = 0.991, current mu = 0.990) allocation failure; 
[161698:0x55f1ec88e050]     8074 ms: Scavenge 82.4 (100.7) -> 70.3 (102.9) MB, 2.1 / 0.2 ms  (average mu = 0.991, current mu = 0.990) task; 
[161698:0x55f1ec88e050]     8113 ms: Scavenge 83.9 (102.9) -> 72.3 (104.7) MB, 2.1 / 0.2 ms  (average mu = 0.991, current mu = 0.990) task; 
[161698:0x55f1ec88e050]     8141 ms: Scavenge 88.2 (105.9) -> 83.7 (107.9) MB, 3.9 / 0.0 ms  (average mu = 0.991, current mu = 0.990) allocation failure; 
[161698:0x55f1ec88e050]     8158 ms: Scavenge 88.7 (107.9) -> 83.1 (116.7) MB, 3.0 / 0.1 ms  (average mu = 0.991, current mu = 0.990) task; 
[161698:0x55f1ec88e050]     8175 ms: Mark-Compact 86.1 (116.7) -> 18.5 (91.9) MB, 4.6 / 1.0 ms  (+ 2.2 ms in 31 steps since start of marking, biggest step 0.2 ms, walltime since start of marking 15 ms) (average mu = 0.991, current mu = 0.990) finalize incremental marking via task; GC in old space requested
[161698:0x55f1ec88e050]     8222 ms: Scavenge 35.1 (91.9) -> 21.4 (91.9) MB, 1.5 / 0.2 ms  (average mu = 0.991, current mu = 0.990) task; 
[161698:0x55f1ec88e050]     8265 ms: Scavenge 36.2 (91.9) -> 23.8 (91.9) MB, 3.2 / 0.1 ms  (average mu = 0.991, current mu = 0.990) allocation failure; 
[161698:0x55f1ec88e050]     8307 ms: Scavenge 38.4 (91.9) -> 26.0 (91.9) MB, 3.0 / 0.2 ms  (average mu = 0.991, current mu = 0.990) task; 
[161698:0x55f1ec88e050]     8345 ms: Scavenge 39.7 (91.9) -> 28.2 (91.9) MB, 1.8 / 0.1 ms  (average mu = 0.991, current mu = 0.990) task; 
[161698:0x55f1ec88e050]     8373 ms: Scavenge 44.0 (91.9) -> 39.8 (91.9) MB, 5.6 / 0.0 ms  (average mu = 0.991, current mu = 0.990) allocation failure; 
[161698:0x55f1ec88e050]     8395 ms: Scavenge 45.7 (91.9) -> 39.2 (91.9) MB, 5.0 / 0.1 ms  (average mu = 0.991, current mu = 0.990) allocation failure; 
[161698:0x55f1ec88e050]     8439 ms: Scavenge 55.1 (91.9) -> 41.8 (91.9) MB, 2.0 / 0.2 ms  (average mu = 0.991, current mu = 0.990) task; 
[161698:0x55f1ec88e050]     8479 ms: Scavenge 56.4 (91.9) -> 44.1 (91.9) MB, 2.1 / 0.1 ms  (average mu = 0.991, current mu = 0.990) task; 
[161698:0x55f1ec88e050]     8521 ms: Scavenge 59.0 (91.9) -> 46.6 (91.9) MB, 1.9 / 0.1 ms  (average mu = 0.991, current mu = 0.990) task; 
[161698:0x55f1ec88e050]     8562 ms: Scavenge 61.5 (91.9) -> 48.8 (91.9) MB, 2.3 / 0.2 ms  (average mu = 0.991, current mu = 0.990) task; 
[161698:0x55f1ec88e050]     8589 ms: Scavenge 64.5 (91.9) -> 59.7 (91.9) MB, 3.7 / 0.1 ms  (average mu = 0.991, current mu = 0.990) allocation failure; 
[161698:0x55f1ec88e050]     8600 ms: Scavenge 63.2 (91.9) -> 59.7 (92.2) MB, 3.0 / 0.0 ms  (average mu = 0.991, current mu = 0.990) task; 
[161698:0x55f1ec88e050]     8641 ms: Scavenge 74.5 (92.9) -> 62.2 (94.4) MB, 1.7 / 0.1 ms  (average mu = 0.991, current mu = 0.990) task; 
[161698:0x55f1ec88e050]     8681 ms: Scavenge 76.3 (94.7) -> 64.3 (96.4) MB, 2.2 / 0.2 ms  (average mu = 0.991, current mu = 0.990) task; 
[161698:0x55f1ec88e050]     8720 ms: Scavenge 77.9 (96.9) -> 66.4 (98.9) MB, 1.7 / 0.2 ms  (average mu = 0.991, current mu = 0.990) task; 
[161698:0x55f1ec88e050]     8761 ms: Scavenge 81.2 (99.2) -> 68.7 (100.9) MB, 1.9 / 0.2 ms  (average mu = 0.991, current mu = 0.990) task; 
[161698:0x55f1ec88e050]     8799 ms: Scavenge 84.0 (101.7) -> 74.1 (103.9) MB, 2.7 / 0.1 ms  (average mu = 0.991, current mu = 0.990) allocation failure; 
[161698:0x55f1ec88e050]     8820 ms: Scavenge 86.0 (104.4) -> 81.6 (108.7) MB, 3.5 / 0.0 ms  (average mu = 0.991, current mu = 0.990) task; 
[161698:0x55f1ec88e050]     8847 ms: Mark-Compact 86.5 (108.7) -> 20.7 (91.2) MB, 5.7 / 1.2 ms  (+ 3.4 ms in 67 steps since start of marking, biggest step 0.1 ms, walltime since start of marking 24 ms) (average mu = 0.989, current mu = 0.986) finalize incremental marking via task; GC in old space requested
[161698:0x55f1ec88e050]     8890 ms: Scavenge 36.5 (91.2) -> 23.5 (91.2) MB, 1.4 / 0.1 ms  (average mu = 0.989, current mu = 0.986) task; 
[161698:0x55f1ec88e050]     8932 ms: Scavenge 38.4 (91.2) -> 25.8 (91.2) MB, 2.5 / 0.1 ms  (average mu = 0.989, current mu = 0.986) allocation failure; 
[161698:0x55f1ec88e050]     8972 ms: Scavenge 40.2 (91.2) -> 28.0 (91.2) MB, 2.0 / 0.1 ms  (average mu = 0.989, current mu = 0.986) task; 
[161698:0x55f1ec88e050]     9011 ms: Scavenge 42.2 (91.2) -> 30.2 (91.2) MB, 1.9 / 0.1 ms  (average mu = 0.989, current mu = 0.986) task; 
[161698:0x55f1ec88e050]     9040 ms: Scavenge 46.0 (91.2) -> 40.8 (91.2) MB, 4.8 / 0.1 ms  (average mu = 0.989, current mu = 0.986) allocation failure; 
[161698:0x55f1ec88e050]     9053 ms: Scavenge 45.7 (91.2) -> 41.5 (91.2) MB, 2.9 / 0.0 ms  (average mu = 0.989, current mu = 0.986) task; 
[161698:0x55f1ec88e050]     9092 ms: Scavenge 55.5 (91.2) -> 43.6 (91.2) MB, 1.9 / 0.1 ms  (average mu = 0.989, current mu = 0.986) task; 
[161698:0x55f1ec88e050]     9131 ms: Scavenge 57.8 (91.2) -> 45.8 (91.2) MB, 2.0 / 0.1 ms  (average mu = 0.989, current mu = 0.986) task; 
[161698:0x55f1ec88e050]     9173 ms: Scavenge 60.3 (91.2) -> 48.1 (91.2) MB, 2.4 / 0.3 ms  (average mu = 0.989, current mu = 0.986) task; 
[161698:0x55f1ec88e050]     9217 ms: Scavenge 62.7 (91.2) -> 50.4 (91.2) MB, 2.4 / 0.2 ms  (average mu = 0.989, current mu = 0.986) task; 
[161698:0x55f1ec88e050]     9253 ms: Scavenge 65.8 (91.2) -> 56.4 (91.2) MB, 2.4 / 0.1 ms  (average mu = 0.989, current mu = 0.986) allocation failure; 
[161698:0x55f1ec88e050]     9274 ms: Scavenge 67.3 (91.2) -> 63.1 (91.2) MB, 4.0 / 0.0 ms  (average mu = 0.989, current mu = 0.986) task; 
[161698:0x55f1ec88e050]     9304 ms: Scavenge 73.0 (91.2) -> 64.0 (96.9) MB, 3.1 / 0.1 ms  (average mu = 0.989, current mu = 0.986) allocation failure; 
[161698:0x55f1ec88e050]     9349 ms: Scavenge 79.5 (97.2) -> 66.5 (98.7) MB, 2.1 / 0.2 ms  (average mu = 0.989, current mu = 0.986) allocation failure; 
[161698:0x55f1ec88e050]     9391 ms: Scavenge 81.5 (99.2) -> 68.9 (101.4) MB, 2.2 / 0.1 ms  (average mu = 0.989, current mu = 0.986) allocation failure; 
[161698:0x55f1ec88e050]     9434 ms: Scavenge 83.9 (101.7) -> 71.3 (103.4) MB, 2.2 / 0.1 ms  (average mu = 0.989, current mu = 0.986) allocation failure; 
[161698:0x55f1ec88e050]     9475 ms: Scavenge 86.4 (104.2) -> 75.2 (106.2) MB, 4.1 / 0.1 ms  (average mu = 0.989, current mu = 0.986) allocation failure; 
[161698:0x55f1ec88e050]     9493 ms: Scavenge 86.5 (106.9) -> 84.3 (110.4) MB, 3.8 / 0.0 ms  (average mu = 0.989, current mu = 0.986) task; 
[161698:0x55f1ec88e050]     9518 ms: Scavenge 92.2 (110.4) -> 84.7 (117.9) MB, 3.4 / 0.1 ms  (average mu = 0.989, current mu = 0.986) allocation failure; 
[161698:0x55f1ec88e050]     9533 ms: Mark-Compact 87.2 (117.9) -> 18.2 (91.2) MB, 3.9 / 1.3 ms  (+ 1.8 ms in 27 steps since start of marking, biggest step 0.1 ms, walltime since start of marking 13 ms) (average mu = 0.990, current mu = 0.992) finalize incremental marking via task; GC in old space requested
[161698:0x55f1ec88e050]     9579 ms: Scavenge 34.9 (91.2) -> 21.1 (91.2) MB, 1.4 / 0.1 ms  (average mu = 0.990, current mu = 0.992) allocation failure; 
[161698:0x55f1ec88e050]     9619 ms: Scavenge 35.4 (91.2) -> 23.3 (91.2) MB, 1.8 / 0.2 ms  (average mu = 0.990, current mu = 0.992) task; 
[161698:0x55f1ec88e050]     9660 ms: Scavenge 38.4 (91.2) -> 25.7 (91.2) MB, 2.1 / 0.2 ms  (average mu = 0.990, current mu = 0.992) task; 
[161698:0x55f1ec88e050]     9698 ms: Scavenge 39.3 (91.2) -> 27.8 (91.2) MB, 2.0 / 0.1 ms  (average mu = 0.990, current mu = 0.992) task; 
[161698:0x55f1ec88e050]     9725 ms: Scavenge 43.7 (91.2) -> 39.3 (91.2) MB, 4.3 / 0.0 ms  (average mu = 0.990, current mu = 0.992) allocation failure; 
[161698:0x55f1ec88e050]     9744 ms: Scavenge 45.3 (91.2) -> 38.8 (91.2) MB, 3.3 / 0.1 ms  (average mu = 0.990, current mu = 0.992) allocation failure; 
[161698:0x55f1ec88e050]     9785 ms: Scavenge 54.0 (91.2) -> 41.2 (91.2) MB, 1.4 / 0.2 ms  (average mu = 0.990, current mu = 0.992) task; 
[161698:0x55f1ec88e050]     9827 ms: Scavenge 56.3 (91.2) -> 43.6 (91.2) MB, 2.4 / 0.2 ms  (average mu = 0.990, current mu = 0.992) task; 
[161698:0x55f1ec88e050]     9868 ms: Scavenge 58.1 (91.2) -> 45.9 (91.2) MB, 2.0 / 0.2 ms  (average mu = 0.990, current mu = 0.992) task; 
[161698:0x55f1ec88e050]     9914 ms: Scavenge 61.0 (91.2) -> 48.3 (91.2) MB, 5.6 / 0.2 ms  (average mu = 0.990, current mu = 0.992) allocation failure; 
[161698:0x55f1ec88e050]     9941 ms: Scavenge 64.0 (91.2) -> 59.6 (91.2) MB, 5.0 / 0.0 ms  (average mu = 0.990, current mu = 0.992) allocation failure; 
[161698:0x55f1ec88e050]     9953 ms: Scavenge 63.0 (91.2) -> 59.2 (92.4) MB, 3.1 / 0.0 ms  (average mu = 0.990, current mu = 0.992) task; 
[161698:0x55f1ec88e050]     9994 ms: Scavenge 73.9 (92.7) -> 61.7 (94.2) MB, 1.6 / 0.1 ms  (average mu = 0.990, current mu = 0.992) task; 
[161698:0x55f1ec88e050]    10036 ms: Scavenge 76.3 (94.2) -> 63.9 (96.2) MB, 1.9 / 0.2 ms  (average mu = 0.990, current mu = 0.992) task; 
[161698:0x55f1ec88e050]    10078 ms: Scavenge 79.0 (96.7) -> 66.4 (98.4) MB, 2.3 / 0.1 ms  (average mu = 0.990, current mu = 0.992) allocation failure; 
[161698:0x55f1ec88e050]    10118 ms: Scavenge 80.3 (98.9) -> 68.5 (100.9) MB, 1.8 / 0.1 ms  (average mu = 0.990, current mu = 0.992) task; 
[161698:0x55f1ec88e050]    10154 ms: Scavenge 84.0 (101.7) -> 75.0 (103.9) MB, 3.3 / 0.1 ms  (average mu = 0.990, current mu = 0.992) allocation failure; 
[161698:0x55f1ec88e050]    10174 ms: Scavenge 85.0 (103.9) -> 80.8 (109.2) MB, 3.6 / 0.0 ms  (average mu = 0.990, current mu = 0.992) task; 
[161698:0x55f1ec88e050]    10188 ms: Mark-Compact 83.3 (109.2) -> 19.0 (90.9) MB, 3.8 / 1.0 ms  (+ 2.2 ms in 27 steps since start of marking, biggest step 0.2 ms, walltime since start of marking 12 ms) (average mu = 0.990, current mu = 0.991) finalize incremental marking via task; GC in old space requested
[161698:0x55f1ec88e050]    10235 ms: Scavenge 35.8 (90.9) -> 21.9 (90.9) MB, 1.4 / 0.2 ms  (average mu = 0.990, current mu = 0.991) allocation failure; 
[161698:0x55f1ec88e050]    10272 ms: Scavenge 35.5 (90.9) -> 24.0 (90.9) MB, 1.8 / 0.2 ms  (average mu = 0.990, current mu = 0.991) task; 
[161698:0x55f1ec88e050]    10312 ms: Scavenge 38.4 (90.9) -> 26.3 (90.9) MB, 1.9 / 0.1 ms  (average mu = 0.990, current mu = 0.991) task; 
[161698:0x55f1ec88e050]    10354 ms: Scavenge 41.4 (90.9) -> 28.6 (90.9) MB, 2.3 / 0.1 ms  (average mu = 0.990, current mu = 0.991) allocation failure; 
[161698:0x55f1ec88e050]    10385 ms: Scavenge 44.2 (90.9) -> 37.6 (90.9) MB, 3.6 / 0.1 ms  (average mu = 0.990, current mu = 0.991) allocation failure; 
[161698:0x55f1ec88e050]    10400 ms: Scavenge 44.4 (90.9) -> 40.3 (90.9) MB, 3.5 / 0.0 ms  (average mu = 0.990, current mu = 0.991) task; 
[161698:0x55f1ec88e050]    10437 ms: Scavenge 53.6 (90.9) -> 42.2 (90.9) MB, 2.0 / 0.1 ms  (average mu = 0.990, current mu = 0.991) allocation failure; 
[161698:0x55f1ec88e050]    10479 ms: Scavenge 57.3 (90.9) -> 44.6 (90.9) MB, 1.8 / 0.1 ms  (average mu = 0.990, current mu = 0.991) allocation failure; 
[161698:0x55f1ec88e050]    10519 ms: Scavenge 59.2 (90.9) -> 46.8 (90.9) MB, 1.8 / 0.2 ms  (average mu = 0.990, current mu = 0.991) task; 
[161698:0x55f1ec88e050]    10561 ms: Scavenge 61.7 (90.9) -> 49.2 (90.9) MB, 2.6 / 0.2 ms  (average mu = 0.990, current mu = 0.991) task; 
[161698:0x55f1ec88e050]    10597 ms: Scavenge 64.5 (90.9) -> 55.1 (90.9) MB, 3.3 / 0.1 ms  (average mu = 0.990, current mu = 0.991) allocation failure; 
[161698:0x55f1ec88e050]    10620 ms: Scavenge 66.8 (90.9) -> 61.9 (90.9) MB, 4.5 / 0.1 ms  (average mu = 0.990, current mu = 0.991) task; 
[161698:0x55f1ec88e050]    10649 ms: Scavenge 71.8 (90.9) -> 62.9 (95.9) MB, 2.5 / 0.1 ms  (average mu = 0.990, current mu = 0.991) allocation failure; 
[161698:0x55f1ec88e050]    10691 ms: Scavenge 77.6 (95.9) -> 65.1 (97.4) MB, 1.9 / 0.1 ms  (average mu = 0.990, current mu = 0.991) task; 
[161698:0x55f1ec88e050]    10733 ms: Scavenge 80.1 (97.9) -> 67.5 (99.9) MB, 1.9 / 0.2 ms  (average mu = 0.990, current mu = 0.991) task; 
[161698:0x55f1ec88e050]    10775 ms: Scavenge 82.7 (100.4) -> 70.1 (102.2) MB, 2.0 / 0.2 ms  (average mu = 0.990, current mu = 0.991) allocation failure; 
[161698:0x55f1ec88e050]    10817 ms: Scavenge 85.2 (102.9) -> 74.1 (105.2) MB, 4.2 / 0.1 ms  (average mu = 0.990, current mu = 0.991) allocation failure; 
[161698:0x55f1ec88e050]    10834 ms: Scavenge 85.1 (105.4) -> 82.8 (108.9) MB, 3.5 / 0.0 ms  (average mu = 0.990, current mu = 0.991) task; 
[161698:0x55f1ec88e050]    10859 ms: Scavenge 91.1 (108.9) -> 83.5 (116.9) MB, 3.5 / 0.1 ms  (average mu = 0.990, current mu = 0.991) allocation failure; 
[161698:0x55f1ec88e050]    10872 ms: Mark-Compact 84.8 (116.9) -> 17.4 (91.2) MB, 3.4 / 1.7 ms  (+ 4.4 ms in 10 steps since start of marking, biggest step 3.8 ms, walltime since start of marking 11 ms) (average mu = 0.989, current mu = 0.989) finalize incremental marking via task; GC in old space requested
[161698:0x55f1ec88e050]    10915 ms: Scavenge 33.2 (91.2) -> 20.2 (91.2) MB, 1.2 / 0.1 ms  (average mu = 0.989, current mu = 0.989) task; 
[161698:0x55f1ec88e050]    10956 ms: Scavenge 34.7 (91.2) -> 22.5 (91.2) MB, 2.0 / 0.1 ms  (average mu = 0.989, current mu = 0.989) task; 
[161698:0x55f1ec88e050]    10997 ms: Scavenge 37.2 (91.2) -> 24.8 (91.2) MB, 2.1 / 0.1 ms  (average mu = 0.989, current mu = 0.989) task; 
[161698:0x55f1ec88e050]    11036 ms: Scavenge 39.2 (91.2) -> 27.0 (91.2) MB, 1.8 / 0.1 ms  (average mu = 0.989, current mu = 0.989) task; 
[161698:0x55f1ec88e050]    11064 ms: Scavenge 42.9 (91.2) -> 38.7 (91.2) MB, 5.5 / 0.0 ms  (average mu = 0.989, current mu = 0.989) allocation failure; 
[161698:0x55f1ec88e050]    11082 ms: Scavenge 44.3 (91.2) -> 38.1 (91.2) MB, 3.1 / 0.1 ms  (average mu = 0.989, current mu = 0.989) task; 
[161698:0x55f1ec88e050]    11121 ms: Scavenge 52.8 (91.2) -> 40.5 (91.2) MB, 1.4 / 0.1 ms  (average mu = 0.989, current mu = 0.989) task; 
[161698:0x55f1ec88e050]    11162 ms: Scavenge 55.0 (91.2) -> 42.8 (91.2) MB, 2.3 / 0.2 ms  (average mu = 0.989, current mu = 0.989) task; 
[161698:0x55f1ec88e050]    11206 ms: Scavenge 57.1 (91.2) -> 45.0 (91.2) MB, 5.4 / 0.2 ms  (average mu = 0.989, current mu = 0.989) task; 
[161698:0x55f1ec88e050]    11248 ms: Scavenge 60.3 (91.2) -> 47.5 (91.2) MB, 1.9 / 0.1 ms  (average mu = 0.989, current mu = 0.989) allocation failure; 
[161698:0x55f1ec88e050]    11279 ms: Scavenge 63.0 (91.2) -> 56.6 (91.2) MB, 4.2 / 0.1 ms  (average mu = 0.989, current mu = 0.989) allocation failure; 
[161698:0x55f1ec88e050]    11293 ms: Scavenge 62.7 (91.2) -> 59.0 (91.2) MB, 3.4 / 0.0 ms  (average mu = 0.989, current mu = 0.989) task; 
[161698:0x55f1ec88e050]    11332 ms: Scavenge 72.6 (91.2) -> 61.0 (93.4) MB, 2.8 / 0.1 ms  (average mu = 0.989, current mu = 0.989) allocation failure; 
[161698:0x55f1ec88e050]    11374 ms: Scavenge 76.1 (93.7) -> 63.3 (95.2) MB, 2.2 / 0.1 ms  (average mu = 0.989, current mu = 0.989) allocation failure; 
[161698:0x55f1ec88e050]    11417 ms: Scavenge 78.3 (95.9) -> 65.7 (98.2) MB, 2.0 / 0.2 ms  (average mu = 0.989, current mu = 0.989) allocation failure; 
[161698:0x55f1ec88e050]    11459 ms: Scavenge 80.4 (98.4) -> 68.1 (100.4) MB, 1.9 / 0.2 ms  (average mu = 0.989, current mu = 0.989) task; 
[161698:0x55f1ec88e050]    11495 ms: Scavenge 83.3 (100.9) -> 74.0 (102.9) MB, 3.1 / 0.1 ms  (average mu = 0.989, current mu = 0.989) allocation failure; 
[161698:0x55f1ec88e050]    11516 ms: Scavenge 85.1 (103.4) -> 80.6 (108.2) MB, 3.6 / 0.0 ms  (average mu = 0.989, current mu = 0.989) task; 
[161698:0x55f1ec88e050]    11537 ms: Mark-Compact 84.4 (108.4) -> 20.4 (92.2) MB, 4.5 / 1.0 ms  (+ 3.1 ms in 61 steps since start of marking, biggest step 0.1 ms, walltime since start of marking 21 ms) (average mu = 0.989, current mu = 0.989) finalize incremental marking via task; GC in old space requested
[161698:0x55f1ec88e050]    11582 ms: Scavenge 36.5 (92.2) -> 23.3 (92.2) MB, 1.3 / 0.2 ms  (average mu = 0.989, current mu = 0.989) task; 
[161698:0x55f1ec88e050]    11622 ms: Scavenge 37.8 (92.2) -> 25.5 (92.2) MB, 1.9 / 0.2 ms  (average mu = 0.989, current mu = 0.989) task; 
[161698:0x55f1ec88e050]    11662 ms: Scavenge 40.3 (92.2) -> 27.8 (92.2) MB, 2.1 / 0.1 ms  (average mu = 0.989, current mu = 0.989) task; 
[161698:0x55f1ec88e050]    11704 ms: Scavenge 42.9 (92.2) -> 30.2 (92.2) MB, 1.7 / 0.1 ms  (average mu = 0.989, current mu = 0.989) allocation failure; 
[161698:0x55f1ec88e050]    11732 ms: Scavenge 45.9 (92.2) -> 41.1 (92.2) MB, 4.8 / 0.0 ms  (average mu = 0.989, current mu = 0.989) allocation failure; 
[161698:0x55f1ec88e050]    11746 ms: Scavenge 44.8 (92.2) -> 41.2 (92.2) MB, 6.1 / 0.1 ms  (average mu = 0.989, current mu = 0.989) task; 
[161698:0x55f1ec88e050]    11783 ms: Scavenge 54.7 (92.2) -> 43.4 (92.2) MB, 1.4 / 0.1 ms  (average mu = 0.989, current mu = 0.989) task; 
[161698:0x55f1ec88e050]    11826 ms: Scavenge 58.5 (92.2) -> 45.7 (92.2) MB, 2.3 / 0.2 ms  (average mu = 0.989, current mu = 0.989) allocation failure; 
[161698:0x55f1ec88e050]    11865 ms: Scavenge 60.4 (92.2) -> 48.0 (92.2) MB, 1.8 / 0.1 ms  (average mu = 0.989, current mu = 0.989) task; 
[161698:0x55f1ec88e050]    11904 ms: Scavenge 61.9 (92.2) -> 50.1 (92.2) MB, 1.7 / 0.1 ms  (average mu = 0.989, current mu = 0.989) task; 
[161698:0x55f1ec88e050]    11941 ms: Scavenge 65.5 (92.2) -> 55.6 (92.2) MB, 3.1 / 0.1 ms  (average mu = 0.989, current mu = 0.989) allocation failure; 
[161698:0x55f1ec88e050]    11965 ms: Scavenge 67.8 (92.2) -> 63.1 (92.2) MB, 4.9 / 0.1 ms  (average mu = 0.989, current mu = 0.989) task; 
[161698:0x55f1ec88e050]    11992 ms: Scavenge 72.4 (92.2) -> 63.9 (96.9) MB, 3.1 / 0.1 ms  (average mu = 0.989, current mu = 0.989) allocation failure; 
[161698:0x55f1ec88e050]    12034 ms: Scavenge 78.7 (97.2) -> 66.3 (98.7) MB, 1.7 / 0.2 ms  (average mu = 0.989, current mu = 0.989) task; 
[161698:0x55f1ec88e050]    12075 ms: Scavenge 81.0 (98.9) -> 68.5 (100.9) MB, 2.0 / 0.1 ms  (average mu = 0.989, current mu = 0.989) task; 
[161698:0x55f1ec88e050]    12114 ms: Scavenge 82.4 (101.2) -> 70.6 (103.2) MB, 2.4 / 0.1 ms  (average mu = 0.989, current mu = 0.989) task; 
[161698:0x55f1ec88e050]    12152 ms: Scavenge 84.5 (103.7) -> 73.0 (105.4) MB, 1.9 / 0.1 ms  (average mu = 0.989, current mu = 0.989) task; 
[161698:0x55f1ec88e050]    12180 ms: Scavenge 88.9 (106.7) -> 84.5 (108.4) MB, 4.2 / 0.0 ms  (average mu = 0.989, current mu = 0.989) allocation failure; 
[161698:0x55f1ec88e050]    12198 ms: Scavenge 89.8 (108.4) -> 83.9 (117.4) MB, 3.5 / 0.1 ms  (average mu = 0.989, current mu = 0.989) task; 
[161698:0x55f1ec88e050]    12208 ms: Mark-Compact 85.6 (117.4) -> 18.2 (90.9) MB, 2.7 / 0.9 ms  (+ 1.6 ms in 22 steps since start of marking, biggest step 0.1 ms, walltime since start of marking 9 ms) (average mu = 0.991, current mu = 0.994) finalize incremental marking via task; GC in old space requested
[161698:0x55f1ec88e050]    12255 ms: Scavenge 35.0 (90.9) -> 21.2 (90.9) MB, 1.4 / 0.2 ms  (average mu = 0.991, current mu = 0.994) allocation failure; 
[161698:0x55f1ec88e050]    12294 ms: Scavenge 35.2 (90.9) -> 23.3 (90.9) MB, 2.7 / 0.2 ms  (average mu = 0.991, current mu = 0.994) task; 
[161698:0x55f1ec88e050]    12335 ms: Scavenge 38.4 (90.9) -> 25.7 (90.9) MB, 1.7 / 0.1 ms  (average mu = 0.991, current mu = 0.994) task; 
[161698:0x55f1ec88e050]    12374 ms: Scavenge 40.0 (90.9) -> 27.9 (90.9) MB, 2.3 / 0.1 ms  (average mu = 0.991, current mu = 0.994) task; 
[161698:0x55f1ec88e050]    12401 ms: Scavenge 43.8 (90.9) -> 39.6 (90.9) MB, 4.6 / 0.0 ms  (average mu = 0.991, current mu = 0.994) allocation failure; 
[161698:0x55f1ec88e050]    12411 ms: Scavenge 42.3 (90.9) -> 38.7 (90.9) MB, 3.1 / 0.0 ms  (average mu = 0.991, current mu = 0.994) task; 
[161698:0x55f1ec88e050]    12455 ms: Scavenge 54.6 (90.9) -> 41.4 (90.9) MB, 1.5 / 0.1 ms  (average mu = 0.991, current mu = 0.994) task; 
[161698:0x55f1ec88e050]    12495 ms: Scavenge 55.5 (90.9) -> 43.5 (90.9) MB, 2.5 / 0.2 ms  (average mu = 0.991, current mu = 0.994) task; 
[161698:0x55f1ec88e050]    12534 ms: Scavenge 58.1 (90.9) -> 45.9 (90.9) MB, 1.8 / 0.2 ms  (average mu = 0.991, current mu = 0.994) task; 
[161698:0x55f1ec88e050]    12576 ms: Scavenge 60.8 (90.9) -> 48.2 (90.9) MB, 2.5 / 0.2 ms  (average mu = 0.991, current mu = 0.994) task; 
[161698:0x55f1ec88e050]    12609 ms: Scavenge 63.6 (90.9) -> 55.2 (90.9) MB, 3.2 / 0.1 ms  (average mu = 0.991, current mu = 0.994) allocation failure; 
[161698:0x55f1ec88e050]    12628 ms: Scavenge 65.1 (90.9) -> 60.6 (90.9) MB, 3.4 / 0.1 ms  (average mu = 0.991, current mu = 0.994) task; 
[161698:0x55f1ec88e050]    12659 ms: Scavenge 71.0 (90.9) -> 61.7 (94.4) MB, 2.5 / 0.1 ms  (average mu = 0.991, current mu = 0.994) task; 
[161698:0x55f1ec88e050]    12699 ms: Scavenge 76.0 (94.7) -> 63.9 (96.4) MB, 1.7 / 0.1 ms  (average mu = 0.991, current mu = 0.994) task; 
[161698:0x55f1ec88e050]    12741 ms: Scavenge 78.8 (96.7) -> 66.3 (98.7) MB, 2.5 / 0.1 ms  (average mu = 0.991, current mu = 0.994) task; 
[161698:0x55f1ec88e050]    12783 ms: Scavenge 80.9 (98.9) -> 68.5 (101.2) MB, 2.0 / 0.1 ms  (average mu = 0.991, current mu = 0.994) task; 
[161698:0x55f1ec88e050]    12823 ms: Scavenge 83.7 (101.4) -> 72.2 (103.2) MB, 2.8 / 0.2 ms  (average mu = 0.991, current mu = 0.994) allocation failure; 
[161698:0x55f1ec88e050]    12842 ms: Scavenge 84.0 (104.2) -> 81.8 (106.9) MB, 4.7 / 0.0 ms  (average mu = 0.991, current mu = 0.994) task; 
[161698:0x55f1ec88e050]    12860 ms: Mark-Compact 84.6 (106.9) -> 20.2 (93.2) MB, 4.5 / 1.1 ms  (+ 2.8 ms in 43 steps since start of marking, biggest step 0.1 ms, walltime since start of marking 17 ms) (average mu = 0.990, current mu = 0.989) finalize incremental marking via task; GC in old space requested
[161698:0x55f1ec88e050]    12905 ms: Scavenge 36.3 (93.2) -> 23.0 (93.2) MB, 1.6 / 0.2 ms  (average mu = 0.990, current mu = 0.989) task; 
[161698:0x55f1ec88e050]    12947 ms: Scavenge 37.8 (93.2) -> 25.3 (93.2) MB, 2.7 / 0.1 ms  (average mu = 0.990, current mu = 0.989) allocation failure; 
[161698:0x55f1ec88e050]    12989 ms: Scavenge 40.3 (93.2) -> 27.7 (93.2) MB, 2.3 / 0.2 ms  (average mu = 0.990, current mu = 0.989) allocation failure; 
[161698:0x55f1ec88e050]    13032 ms: Scavenge 42.6 (93.2) -> 30.0 (93.2) MB, 2.4 / 0.1 ms  (average mu = 0.990, current mu = 0.989) allocation failure; 
[161698:0x55f1ec88e050]    13064 ms: Scavenge 45.5 (93.2) -> 38.4 (93.2) MB, 4.8 / 0.1 ms  (average mu = 0.990, current mu = 0.989) allocation failure; 
[161698:0x55f1ec88e050]    13082 ms: Scavenge 46.2 (93.2) -> 41.9 (93.2) MB, 4.4 / 0.0 ms  (average mu = 0.990, current mu = 0.989) task; 
[161698:0x55f1ec88e050]    13117 ms: Scavenge 54.1 (93.2) -> 43.4 (93.2) MB, 1.9 / 0.1 ms  (average mu = 0.990, current mu = 0.989) task; 
[161698:0x55f1ec88e050]    13156 ms: Scavenge 57.4 (93.2) -> 45.7 (93.2) MB, 1.9 / 0.1 ms  (average mu = 0.990, current mu = 0.989) task; 
[161698:0x55f1ec88e050]    13197 ms: Scavenge 60.7 (93.2) -> 48.0 (93.2) MB, 2.2 / 0.3 ms  (average mu = 0.990, current mu = 0.989) task; 
[161698:0x55f1ec88e050]    13238 ms: Scavenge 62.7 (93.2) -> 50.4 (93.2) MB, 1.7 / 0.1 ms  (average mu = 0.990, current mu = 0.989) task; 
[161698:0x55f1ec88e050]    13276 ms: Scavenge 65.6 (93.2) -> 55.0 (93.2) MB, 2.9 / 0.2 ms  (average mu = 0.990, current mu = 0.989) allocation failure; 
[161698:0x55f1ec88e050]    13294 ms: Scavenge 65.5 (93.2) -> 63.3 (93.2) MB, 5.1 / 0.0 ms  (average mu = 0.990, current mu = 0.989) task; 
[161698:0x55f1ec88e050]    13319 ms: Scavenge 71.6 (93.2) -> 63.9 (96.9) MB, 3.2 / 0.1 ms  (average mu = 0.990, current mu = 0.989) task; 
[161698:0x55f1ec88e050]    13361 ms: Scavenge 78.7 (97.2) -> 66.2 (98.4) MB, 2.0 / 0.1 ms  (average mu = 0.990, current mu = 0.989) task; 
[161698:0x55f1ec88e050]    13404 ms: Scavenge 81.2 (98.9) -> 68.6 (100.9) MB, 1.9 / 0.1 ms  (average mu = 0.990, current mu = 0.989) allocation failure; 
[161698:0x55f1ec88e050]    13447 ms: Scavenge 83.5 (101.4) -> 71.0 (103.2) MB, 2.7 / 0.2 ms  (average mu = 0.990, current mu = 0.989) task; 
[161698:0x55f1ec88e050]    13490 ms: Scavenge 85.9 (103.7) -> 73.3 (105.7) MB, 2.6 / 0.2 ms  (average mu = 0.990, current mu = 0.989) allocation failure; 
[161698:0x55f1ec88e050]    13517 ms: Scavenge 89.1 (106.9) -> 84.9 (109.2) MB, 4.3 / 0.0 ms  (average mu = 0.990, current mu = 0.989) allocation failure; 
[161698:0x55f1ec88e050]    13530 ms: Scavenge 87.8 (109.2) -> 84.0 (117.7) MB, 4.9 / 0.1 ms  (average mu = 0.990, current mu = 0.989) task; 
[161698:0x55f1ec88e050]    13551 ms: Mark-Compact 87.7 (117.9) -> 19.6 (91.2) MB, 3.5 / 0.9 ms  (+ 2.7 ms in 42 steps since start of marking, biggest step 0.1 ms, walltime since start of marking 16 ms) (average mu = 0.991, current mu = 0.991) finalize incremental marking via task; GC in old space requested
[161698:0x55f1ec88e050]    13598 ms: Scavenge 36.3 (91.2) -> 22.5 (91.2) MB, 1.7 / 0.1 ms  (average mu = 0.991, current mu = 0.991) allocation failure; 
[161698:0x55f1ec88e050]    13639 ms: Scavenge 37.3 (91.2) -> 24.7 (91.2) MB, 1.9 / 0.2 ms  (average mu = 0.991, current mu = 0.991) allocation failure; 
[161698:0x55f1ec88e050]    13680 ms: Scavenge 39.8 (91.2) -> 27.1 (91.2) MB, 2.2 / 0.4 ms  (average mu = 0.991, current mu = 0.991) task; 
[161698:0x55f1ec88e050]    13720 ms: Scavenge 41.7 (91.2) -> 29.4 (91.2) MB, 1.6 / 0.1 ms  (average mu = 0.991, current mu = 0.991) task; 
[161698:0x55f1ec88e050]    13748 ms: Scavenge 45.2 (91.2) -> 40.5 (91.2) MB, 5.2 / 0.0 ms  (average mu = 0.991, current mu = 0.991) allocation failure; 
[161698:0x55f1ec88e050]    13760 ms: Scavenge 44.1 (91.2) -> 40.4 (91.2) MB, 3.2 / 0.0 ms  (average mu = 0.991, current mu = 0.991) task; 
[161698:0x55f1ec88e050]    13804 ms: Scavenge 56.0 (91.2) -> 42.9 (91.2) MB, 1.6 / 0.1 ms  (average mu = 0.991, current mu = 0.991) task; 
[161698:0x55f1ec88e050]    13846 ms: Scavenge 57.1 (91.2) -> 45.1 (91.2) MB, 2.3 / 0.2 ms  (average mu = 0.991, current mu = 0.991) task; 
[161698:0x55f1ec88e050]    13888 ms: Scavenge 60.0 (91.2) -> 47.4 (91.2) MB, 2.1 / 0.2 ms  (average mu = 0.991, current mu = 0.991) task; 
[161698:0x55f1ec88e050]    13929 ms: Scavenge 61.8 (91.2) -> 49.8 (91.2) MB, 2.0 / 0.1 ms  (average mu = 0.991, current mu = 0.991) task; 
[161698:0x55f1ec88e050]    13964 ms: Scavenge 65.1 (91.2) -> 56.8 (91.2) MB, 3.9 / 0.1 ms  (average mu = 0.991, current mu = 0.991) allocation failure; 
[161698:0x55f1ec88e050]    13982 ms: Scavenge 66.4 (91.2) -> 62.0 (91.2) MB, 3.4 / 0.0 ms  (average mu = 0.991, current mu = 0.991) task; 
[161698:0x55f1ec88e050]    14011 ms: Scavenge 72.2 (91.2) -> 63.1 (95.9) MB, 2.4 / 0.1 ms  (average mu = 0.991, current mu = 0.991) task; 
[161698:0x55f1ec88e050]    14051 ms: Scavenge 77.2 (96.2) -> 65.4 (97.7) MB, 1.6 / 0.1 ms  (average mu = 0.991, current mu = 0.991) task; 
[161698:0x55f1ec88e050]    14092 ms: Scavenge 80.1 (98.2) -> 67.7 (100.2) MB, 2.4 / 0.2 ms  (average mu = 0.991, current mu = 0.991) task; 
[161698:0x55f1ec88e050]    14134 ms: Scavenge 82.3 (100.4) -> 70.0 (102.4) MB, 2.1 / 0.1 ms  (average mu = 0.991, current mu = 0.991) task; 
[161698:0x55f1ec88e050]    14174 ms: Scavenge 83.7 (102.7) -> 72.1 (104.7) MB, 2.1 / 0.2 ms  (average mu = 0.991, current mu = 0.991) task; 
[161698:0x55f1ec88e050]    14202 ms: Scavenge 88.1 (105.9) -> 83.7 (107.9) MB, 3.4 / 0.0 ms  (average mu = 0.991, current mu = 0.991) allocation failure; 
[161698:0x55f1ec88e050]    14223 ms: Scavenge 89.4 (107.9) -> 83.1 (116.7) MB, 3.6 / 0.1 ms  (average mu = 0.991, current mu = 0.991) task; 
[161698:0x55f1ec88e050]    14238 ms: Mark-Compact 85.7 (116.7) -> 18.6 (90.7) MB, 3.1 / 1.1 ms  (+ 2.4 ms in 33 steps since start of marking, biggest step 0.1 ms, walltime since start of marking 13 ms) (average mu = 0.991, current mu = 0.992) finalize incremental marking via task; GC in old space requested
[161698:0x55f1ec88e050]    14283 ms: Scavenge 34.2 (90.7) -> 21.3 (90.7) MB, 1.6 / 0.1 ms  (average mu = 0.991, current mu = 0.992) task; 
[161698:0x55f1ec88e050]    14325 ms: Scavenge 36.2 (90.7) -> 23.6 (90.7) MB, 2.7 / 0.2 ms  (average mu = 0.991, current mu = 0.992) allocation failure; 
[161698:0x55f1ec88e050]    14368 ms: Scavenge 38.7 (90.7) -> 26.0 (90.7) MB, 1.9 / 0.2 ms  (average mu = 0.991, current mu = 0.992) allocation failure; 
[161698:0x55f1ec88e050]    14412 ms: Scavenge 41.0 (90.7) -> 28.7 (90.7) MB, 4.4 / 0.2 ms  (average mu = 0.991, current mu = 0.992) allocation failure; 
[161698:0x55f1ec88e050]    14433 ms: Scavenge 41.9 (90.7) -> 39.5 (90.7) MB, 4.1 / 0.0 ms  (average mu = 0.991, current mu = 0.992) task; 
[161698:0x55f1ec88e050]    14453 ms: Scavenge 45.9 (90.7) -> 39.3 (90.7) MB, 2.8 / 0.1 ms  (average mu = 0.991, current mu = 0.992) task; 
[161698:0x55f1ec88e050]    14498 ms: Scavenge 55.2 (90.7) -> 41.9 (90.7) MB, 1.8 / 0.1 ms  (average mu = 0.991, current mu = 0.992) allocation failure; 
[161698:0x55f1ec88e050]    14540 ms: Scavenge 56.8 (90.7) -> 44.2 (90.7) MB, 2.3 / 0.1 ms  (average mu = 0.991, current mu = 0.992) allocation failure; 
[161698:0x55f1ec88e050]    14582 ms: Scavenge 59.2 (90.7) -> 46.5 (90.7) MB, 1.9 / 0.2 ms  (average mu = 0.991, current mu = 0.992) allocation failure; 
[161698:0x55f1ec88e050]    14631 ms: Scavenge 61.1 (90.7) -> 48.9 (90.7) MB, 2.4 / 0.2 ms  (average mu = 0.991, current mu = 0.992) task; 
[161698:0x55f1ec88e050]    14660 ms: Scavenge 64.8 (90.7) -> 59.6 (90.7) MB, 4.0 / 0.1 ms  (average mu = 0.991, current mu = 0.992) allocation failure; 
[161698:0x55f1ec88e050]    14677 ms: Scavenge 64.3 (90.7) -> 60.0 (92.2) MB, 6.0 / 0.1 ms  (average mu = 0.991, current mu = 0.992) task; 
[161698:0x55f1ec88e050]    14728 ms: Scavenge 75.1 (92.7) -> 62.5 (94.2) MB, 4.7 / 0.2 ms  (average mu = 0.991, current mu = 0.992) allocation failure; 
[161698:0x55f1ec88e050]    14771 ms: Scavenge 77.3 (94.9) -> 64.7 (96.7) MB, 2.6 / 0.2 ms  (average mu = 0.991, current mu = 0.992) allocation failure; 
[161698:0x55f1ec88e050]    14815 ms: Scavenge 79.8 (97.4) -> 67.1 (99.2) MB, 2.3 / 0.2 ms  (average mu = 0.991, current mu = 0.992) allocation failure; 
[161698:0x55f1ec88e050]    14858 ms: Scavenge 82.3 (99.9) -> 69.6 (101.9) MB, 2.2 / 0.1 ms  (average mu = 0.991, current mu = 0.992) allocation failure; 
[161698:0x55f1ec88e050]    14892 ms: Scavenge 85.0 (102.7) -> 77.5 (104.4) MB, 4.3 / 0.2 ms  (average mu = 0.991, current mu = 0.992) allocation failure; 
[161698:0x55f1ec88e050]    14911 ms: Scavenge 85.7 (104.9) -> 81.5 (111.7) MB, 5.0 / 0.0 ms  (average mu = 0.991, current mu = 0.992) task; 
[161698:0x55f1ec88e050]    14932 ms: Mark-Compact 85.1 (111.7) -> 19.8 (91.7) MB, 4.9 / 1.2 ms  (+ 2.5 ms in 46 steps since start of marking, biggest step 0.1 ms, walltime since start of marking 17 ms) (average mu = 0.990, current mu = 0.989) finalize incremental marking via task; GC in old space requested
[161698:0x55f1ec88e050]    14977 ms: Scavenge 36.3 (91.7) -> 22.7 (91.7) MB, 1.4 / 0.2 ms  (average mu = 0.990, current mu = 0.989) task; 
[161698:0x55f1ec88e050]    15018 ms: Scavenge 37.1 (91.7) -> 24.9 (91.7) MB, 2.1 / 0.2 ms  (average mu = 0.990, current mu = 0.989) task; 
[161698:0x55f1ec88e050]    15060 ms: Scavenge 40.0 (91.7) -> 27.3 (91.7) MB, 2.0 / 0.2 ms  (average mu = 0.990, current mu = 0.989) allocation failure; 
[161698:0x55f1ec88e050]    15102 ms: Scavenge 42.3 (91.7) -> 29.6 (91.7) MB, 1.8 / 0.2 ms  (average mu = 0.990, current mu = 0.989) allocation failure; 
[161698:0x55f1ec88e050]    15131 ms: Scavenge 45.4 (91.7) -> 40.6 (91.7) MB, 5.9 / 0.0 ms  (average mu = 0.990, current mu = 0.989) allocation failure; 
[161698:0x55f1ec88e050]    15143 ms: Scavenge 44.2 (91.7) -> 40.6 (91.7) MB, 3.3 / 0.0 ms  (average mu = 0.990, current mu = 0.989) task; 
[161698:0x55f1ec88e050]    15186 ms: Scavenge 55.3 (91.7) -> 42.9 (91.7) MB, 2.0 / 0.1 ms  (average mu = 0.990, current mu = 0.989) task; 
[161698:0x55f1ec88e050]    15229 ms: Scavenge 58.1 (91.7) -> 45.4 (91.7) MB, 2.1 / 0.1 ms  (average mu = 0.990, current mu = 0.989) allocation failure; 
[161698:0x55f1ec88e050]    15271 ms: Scavenge 60.3 (91.7) -> 47.6 (91.7) MB, 1.9 / 0.1 ms  (average mu = 0.990, current mu = 0.989) allocation failure; 
[161698:0x55f1ec88e050]    15313 ms: Scavenge 62.7 (91.7) -> 50.0 (91.7) MB, 2.0 / 0.2 ms  (average mu = 0.990, current mu = 0.989) task; 
[161698:0x55f1ec88e050]    15349 ms: Scavenge 65.5 (91.7) -> 57.2 (91.7) MB, 4.4 / 0.1 ms  (average mu = 0.990, current mu = 0.989) allocation failure; 
[161698:0x55f1ec88e050]    15369 ms: Scavenge 66.8 (91.7) -> 62.3 (91.7) MB, 3.8 / 0.0 ms  (average mu = 0.990, current mu = 0.989) task; 
[161698:0x55f1ec88e050]    15401 ms: Scavenge 72.9 (91.7) -> 63.4 (96.2) MB, 2.7 / 0.1 ms  (average mu = 0.990, current mu = 0.989) task; 
[161698:0x55f1ec88e050]    15444 ms: Scavenge 78.2 (96.7) -> 65.9 (98.7) MB, 2.4 / 0.4 ms  (average mu = 0.990, current mu = 0.989) task; 
[161698:0x55f1ec88e050]    15485 ms: Scavenge 79.7 (98.7) -> 68.0 (100.7) MB, 2.1 / 0.2 ms  (average mu = 0.990, current mu = 0.989) task; 
[161698:0x55f1ec88e050]    15524 ms: Scavenge 81.3 (100.7) -> 70.1 (102.7) MB, 1.8 / 0.2 ms  (average mu = 0.990, current mu = 0.989) task; 
[161698:0x55f1ec88e050]    15568 ms: Scavenge 84.8 (102.9) -> 72.3 (104.9) MB, 1.9 / 0.2 ms  (average mu = 0.990, current mu = 0.989) task; 
[161698:0x55f1ec88e050]    15595 ms: Scavenge 88.1 (105.9) -> 83.8 (107.9) MB, 4.7 / 0.0 ms  (average mu = 0.990, current mu = 0.989) allocation failure; 
[161698:0x55f1ec88e050]    15616 ms: Scavenge 89.9 (107.9) -> 83.4 (116.7) MB, 3.9 / 0.1 ms  (average mu = 0.990, current mu = 0.989) allocation failure; 
[161698:0x55f1ec88e050]    15631 ms: Mark-Compact 86.2 (116.7) -> 18.5 (91.7) MB, 3.4 / 0.9 ms  (+ 2.1 ms in 34 steps since start of marking, biggest step 0.2 ms, walltime since start of marking 13 ms) (average mu = 0.991, current mu = 0.992) finalize incremental marking via task; GC in old space requested
[161698:0x55f1ec88e050]    15678 ms: Scavenge 35.1 (91.7) -> 21.4 (91.7) MB, 1.4 / 0.2 ms  (average mu = 0.991, current mu = 0.992) task; 
[161698:0x55f1ec88e050]    15720 ms: Scavenge 36.1 (91.7) -> 23.7 (91.7) MB, 1.9 / 0.2 ms  (average mu = 0.991, current mu = 0.992) task; 
[161698:0x55f1ec88e050]    15761 ms: Scavenge 38.4 (91.7) -> 26.0 (91.7) MB, 1.9 / 0.1 ms  (average mu = 0.991, current mu = 0.992) task; 
[161698:0x55f1ec88e050]    15803 ms: Scavenge 41.1 (91.7) -> 29.4 (91.7) MB, 2.2 / 0.1 ms  (average mu = 0.991, current mu = 0.992) allocation failure; 
[161698:0x55f1ec88e050]    15822 ms: Scavenge 41.6 (91.7) -> 39.3 (91.7) MB, 4.0 / 0.0 ms  (average mu = 0.991, current mu = 0.992) task; 
[161698:0x55f1ec88e050]    15842 ms: Scavenge 45.9 (91.7) -> 39.4 (91.7) MB, 2.8 / 0.1 ms  (average mu = 0.991, current mu = 0.992) task; 
[161698:0x55f1ec88e050]    15881 ms: Scavenge 53.3 (91.7) -> 41.7 (91.7) MB, 1.9 / 0.1 ms  (average mu = 0.991, current mu = 0.992) task; 
[161698:0x55f1ec88e050]    15923 ms: Scavenge 56.7 (91.7) -> 44.0 (91.7) MB, 1.7 / 0.1 ms  (average mu = 0.991, current mu = 0.992) task; 
[161698:0x55f1ec88e050]    15965 ms: Scavenge 59.0 (91.7) -> 46.4 (91.7) MB, 2.0 / 0.2 ms  (average mu = 0.991, current mu = 0.992) task; 
[161698:0x55f1ec88e050]    16008 ms: Scavenge 61.4 (91.7) -> 48.7 (91.7) MB, 2.4 / 0.2 ms  (average mu = 0.991, current mu = 0.992) allocation failure; 
[161698:0x55f1ec88e050]    16038 ms: Scavenge 64.4 (91.7) -> 58.3 (91.7) MB, 3.5 / 0.1 ms  (average mu = 0.991, current mu = 0.992) allocation failure; 
[161698:0x55f1ec88e050]    16053 ms: Scavenge 64.4 (91.7) -> 60.4 (91.7) MB, 3.0 / 0.0 ms  (average mu = 0.991, current mu = 0.992) task; 
[161698:0x55f1ec88e050]    16092 ms: Scavenge 74.0 (91.7) -> 62.2 (94.7) MB, 2.4 / 0.1 ms  (average mu = 0.991, current mu = 0.992) task; 
[161698:0x55f1ec88e050]    16135 ms: Scavenge 77.2 (94.9) -> 64.6 (96.7) MB, 1.9 / 0.2 ms  (average mu = 0.991, current mu = 0.992) task; 
[161698:0x55f1ec88e050]    16178 ms: Scavenge 79.3 (97.2) -> 66.8 (99.2) MB, 2.3 / 0.1 ms  (average mu = 0.991, current mu = 0.992) task; 
[161698:0x55f1ec88e050]    16222 ms: Scavenge 81.9 (99.7) -> 69.3 (101.7) MB, 1.9 / 0.1 ms  (average mu = 0.991, current mu = 0.992) task; 
[161698:0x55f1ec88e050]    16260 ms: Scavenge 84.7 (102.4) -> 75.8 (104.7) MB, 4.2 / 0.1 ms  (average mu = 0.991, current mu = 0.992) allocation failure; 
[161698:0x55f1ec88e050]    16284 ms: Scavenge 86.4 (104.9) -> 81.8 (109.9) MB, 5.1 / 0.1 ms  (average mu = 0.991, current mu = 0.992) task; 
[161698:0x55f1ec88e050]    16304 ms: Mark-Compact 85.3 (109.9) -> 19.5 (92.4) MB, 4.1 / 0.9 ms  (+ 2.8 ms in 41 steps since start of marking, biggest step 0.2 ms, walltime since start of marking 16 ms) (average mu = 0.991, current mu = 0.990) finalize incremental marking via task; GC in old space requested
[161698:0x55f1ec88e050]    16348 ms: Scavenge 35.6 (92.4) -> 22.3 (92.4) MB, 1.5 / 0.1 ms  (average mu = 0.991, current mu = 0.990) task; 
[161698:0x55f1ec88e050]    16389 ms: Scavenge 37.2 (92.4) -> 24.6 (92.4) MB, 2.2 / 0.1 ms  (average mu = 0.991, current mu = 0.990) allocation failure; 
[161698:0x55f1ec88e050]    16432 ms: Scavenge 39.5 (92.4) -> 26.9 (92.4) MB, 2.7 / 0.2 ms  (average mu = 0.991, current mu = 0.990) task; 
[161698:0x55f1ec88e050]    16471 ms: Scavenge 41.2 (92.4) -> 29.2 (92.4) MB, 1.8 / 0.2 ms  (average mu = 0.991, current mu = 0.990) task; 
[161698:0x55f1ec88e050]    16501 ms: Scavenge 44.9 (92.4) -> 39.7 (92.4) MB, 5.3 / 0.0 ms  (average mu = 0.991, current mu = 0.990) allocation failure; 
[161698:0x55f1ec88e050]    16517 ms: Scavenge 44.7 (92.4) -> 40.4 (92.4) MB, 5.5 / 0.1 ms  (average mu = 0.991, current mu = 0.990) task; 
[161698:0x55f1ec88e050]    16557 ms: Scavenge 54.9 (92.4) -> 42.6 (92.4) MB, 2.0 / 0.2 ms  (average mu = 0.991, current mu = 0.990) task; 
[161698:0x55f1ec88e050]    16596 ms: Scavenge 56.7 (92.4) -> 44.8 (92.4) MB, 1.9 / 0.2 ms  (average mu = 0.991, current mu = 0.990) task; 
[161698:0x55f1ec88e050]    16634 ms: Scavenge 58.5 (92.4) -> 47.0 (92.4) MB, 1.8 / 0.2 ms  (average mu = 0.991, current mu = 0.990) task; 
[161698:0x55f1ec88e050]    16675 ms: Scavenge 62.0 (92.4) -> 49.4 (92.4) MB, 2.0 / 0.1 ms  (average mu = 0.991, current mu = 0.990) task; 
[161698:0x55f1ec88e050]    16711 ms: Scavenge 64.7 (92.4) -> 55.4 (92.4) MB, 3.8 / 0.2 ms  (average mu = 0.991, current mu = 0.990) allocation failure; 
[161698:0x55f1ec88e050]    16733 ms: Scavenge 66.9 (92.4) -> 62.1 (92.4) MB, 4.0 / 0.0 ms  (average mu = 0.991, current mu = 0.990) task; 
[161698:0x55f1ec88e050]    16761 ms: Scavenge 72.0 (92.4) -> 63.1 (96.2) MB, 2.5 / 0.1 ms  (average mu = 0.991, current mu = 0.990) allocation failure; 
[161698:0x55f1ec88e050]    16801 ms: Scavenge 77.6 (96.2) -> 65.4 (97.7) MB, 1.7 / 0.2 ms  (average mu = 0.991, current mu = 0.990) task; 
[161698:0x55f1ec88e050]    16843 ms: Scavenge 79.7 (97.9) -> 67.5 (99.7) MB, 3.7 / 0.1 ms  (average mu = 0.991, current mu = 0.990) task; 
[161698:0x55f1ec88e050]    16886 ms: Scavenge 82.7 (100.4) -> 70.0 (102.2) MB, 1.8 / 0.1 ms  (average mu = 0.991, current mu = 0.990) allocation failure; 
[161698:0x55f1ec88e050]    16928 ms: Scavenge 85.2 (102.9) -> 73.5 (104.9) MB, 2.4 / 0.2 ms  (average mu = 0.991, current mu = 0.990) allocation failure; 
[161698:0x55f1ec88e050]    16947 ms: Scavenge 85.6 (105.7) -> 83.3 (108.9) MB, 4.9 / 0.0 ms  (average mu = 0.991, current mu = 0.990) task; 
[161698:0x55f1ec88e050]    16968 ms: Scavenge 89.9 (108.9) -> 83.5 (117.2) MB, 3.0 / 0.1 ms  (average mu = 0.991, current mu = 0.990) task; 
[161698:0x55f1ec88e050]    16983 ms: Mark-Compact 85.8 (117.2) -> 18.5 (92.4) MB, 2.8 / 1.0 ms  (+ 1.5 ms in 29 steps since start of marking, biggest step 0.1 ms, walltime since start of marking 13 ms) (average mu = 0.992, current mu = 0.994) finalize incremental marking via task; GC in old space requested
[161698:0x55f1ec88e050]    17028 ms: Scavenge 34.7 (92.4) -> 21.4 (92.4) MB, 1.9 / 0.2 ms  (average mu = 0.992, current mu = 0.994) task; 
[161698:0x55f1ec88e050]    17069 ms: Scavenge 36.2 (92.4) -> 23.6 (92.4) MB, 1.8 / 0.1 ms  (average mu = 0.992, current mu = 0.994) task; 
[161698:0x55f1ec88e050]    17109 ms: Scavenge 38.1 (92.4) -> 25.9 (92.4) MB, 1.9 / 0.2 ms  (average mu = 0.992, current mu = 0.994) task; 
[161698:0x55f1ec88e050]    17150 ms: Scavenge 40.5 (92.4) -> 28.2 (92.4) MB, 3.2 / 0.2 ms  (average mu = 0.992, current mu = 0.994) task; 
[161698:0x55f1ec88e050]    17178 ms: Scavenge 44.0 (92.4) -> 39.8 (92.4) MB, 5.7 / 0.0 ms  (average mu = 0.992, current mu = 0.994) allocation failure; 
[161698:0x55f1ec88e050]    17196 ms: Scavenge 45.6 (92.4) -> 39.2 (92.4) MB, 2.9 / 0.1 ms  (average mu = 0.992, current mu = 0.994) task; 
[161698:0x55f1ec88e050]    17240 ms: Scavenge 55.3 (92.4) -> 41.9 (92.4) MB, 1.7 / 0.1 ms  (average mu = 0.992, current mu = 0.994) allocation failure; 
[161698:0x55f1ec88e050]    17280 ms: Scavenge 55.9 (92.4) -> 44.0 (92.4) MB, 3.0 / 0.2 ms  (average mu = 0.992, current mu = 0.994) task; 
[161698:0x55f1ec88e050]    17320 ms: Scavenge 58.7 (92.4) -> 46.4 (92.4) MB, 1.8 / 0.2 ms  (average mu = 0.992, current mu = 0.994) task; 
[161698:0x55f1ec88e050]    17360 ms: Scavenge 60.7 (92.4) -> 48.6 (92.4) MB, 2.3 / 0.1 ms  (average mu = 0.992, current mu = 0.994) task; 
[161698:0x55f1ec88e050]    17390 ms: Scavenge 64.3 (92.4) -> 58.3 (92.4) MB, 3.9 / 0.1 ms  (average mu = 0.992, current mu = 0.994) allocation failure; 
[161698:0x55f1ec88e050]    17404 ms: Scavenge 63.9 (92.4) -> 60.0 (92.4) MB, 2.9 / 0.0 ms  (average mu = 0.992, current mu = 0.994) task; 
[161698:0x55f1ec88e050]    17443 ms: Scavenge 74.2 (92.4) -> 62.2 (94.7) MB, 1.8 / 0.1 ms  (average mu = 0.992, current mu = 0.994) allocation failure; 
[161698:0x55f1ec88e050]    17483 ms: Scavenge 76.5 (94.9) -> 64.5 (96.7) MB, 2.4 / 0.1 ms  (average mu = 0.992, current mu = 0.994) task; 
[161698:0x55f1ec88e050]    17524 ms: Scavenge 79.1 (97.2) -> 66.8 (99.4) MB, 2.2 / 0.2 ms  (average mu = 0.992, current mu = 0.994) task; 
[161698:0x55f1ec88e050]    17567 ms: Scavenge 81.4 (99.4) -> 69.0 (101.4) MB, 1.9 / 0.2 ms  (average mu = 0.992, current mu = 0.994) task; 
[161698:0x55f1ec88e050]    17606 ms: Scavenge 84.2 (101.9) -> 74.6 (103.9) MB, 3.3 / 0.2 ms  (average mu = 0.992, current mu = 0.994) allocation failure; 
[161698:0x55f1ec88e050]    17630 ms: Scavenge 86.6 (104.7) -> 81.8 (109.2) MB, 4.9 / 0.1 ms  (average mu = 0.992, current mu = 0.994) task; 
[161698:0x55f1ec88e050]    17643 ms: Mark-Compact 83.7 (109.2) -> 18.4 (93.2) MB, 4.1 / 1.1 ms  (+ 2.0 ms in 17 steps since start of marking, biggest step 0.8 ms, walltime since start of marking 10 ms) (average mu = 0.991, current mu = 0.991) finalize incremental marking via task; GC in old space requested
[161698:0x55f1ec88e050]    17688 ms: Scavenge 34.8 (93.2) -> 21.3 (93.2) MB, 1.4 / 0.2 ms  (average mu = 0.991, current mu = 0.991) task; 
[161698:0x55f1ec88e050]    17731 ms: Scavenge 36.1 (93.2) -> 23.6 (93.2) MB, 2.8 / 0.2 ms  (average mu = 0.991, current mu = 0.991) allocation failure; 
[161698:0x55f1ec88e050]    17772 ms: Scavenge 38.5 (93.2) -> 25.9 (93.2) MB, 2.4 / 0.2 ms  (average mu = 0.991, current mu = 0.991) task; 
[161698:0x55f1ec88e050]    17814 ms: Scavenge 41.0 (93.2) -> 28.3 (93.2) MB, 2.4 / 0.2 ms  (average mu = 0.991, current mu = 0.991) allocation failure; 
[161698:0x55f1ec88e050]    17843 ms: Scavenge 43.9 (93.2) -> 38.4 (93.2) MB, 4.7 / 0.1 ms  (average mu = 0.991, current mu = 0.991) allocation failure; 
[161698:0x55f1ec88e050]    17859 ms: Scavenge 43.8 (93.2) -> 39.6 (93.2) MB, 4.1 / 0.0 ms  (average mu = 0.991, current mu = 0.991) task; 
[161698:0x55f1ec88e050]    17899 ms: Scavenge 53.9 (93.2) -> 41.8 (93.2) MB, 1.9 / 0.2 ms  (average mu = 0.991, current mu = 0.991) task; 
[161698:0x55f1ec88e050]    17941 ms: Scavenge 56.9 (93.2) -> 44.2 (93.2) MB, 2.6 / 0.1 ms  (average mu = 0.991, current mu = 0.991) allocation failure; 
[161698:0x55f1ec88e050]    17981 ms: Scavenge 58.7 (93.2) -> 46.4 (93.2) MB, 2.9 / 0.2 ms  (average mu = 0.991, current mu = 0.991) task; 
[161698:0x55f1ec88e050]    18021 ms: Scavenge 60.7 (93.2) -> 48.7 (93.2) MB, 1.8 / 0.2 ms  (average mu = 0.991, current mu = 0.991) task; 
[161698:0x55f1ec88e050]    18056 ms: Scavenge 64.2 (93.2) -> 55.2 (93.2) MB, 3.0 / 0.1 ms  (average mu = 0.991, current mu = 0.991) allocation failure; 
[161698:0x55f1ec88e050]    18078 ms: Scavenge 65.4 (93.2) -> 61.3 (93.2) MB, 6.1 / 0.0 ms  (average mu = 0.991, current mu = 0.991) task; 
[161698:0x55f1ec88e050]    18109 ms: Scavenge 71.6 (93.2) -> 62.2 (94.9) MB, 2.8 / 0.1 ms  (average mu = 0.991, current mu = 0.991) allocation failure; 
[161698:0x55f1ec88e050]    18150 ms: Scavenge 77.0 (95.4) -> 64.8 (97.2) MB, 1.6 / 0.2 ms  (average mu = 0.991, current mu = 0.991) task; 
[161698:0x55f1ec88e050]    18192 ms: Scavenge 79.7 (97.4) -> 67.1 (99.2) MB, 2.2 / 0.2 ms  (average mu = 0.991, current mu = 0.991) task; 
[161698:0x55f1ec88e050]    18234 ms: Scavenge 81.7 (99.7) -> 69.3 (101.9) MB, 1.9 / 0.1 ms  (average mu = 0.991, current mu = 0.991) task; 
[161698:0x55f1ec88e050]    18275 ms: Scavenge 84.5 (102.2) -> 72.9 (104.2) MB, 2.9 / 0.2 ms  (average mu = 0.991, current mu = 0.991) allocation failure; 
[161698:0x55f1ec88e050]    18295 ms: Scavenge 84.8 (104.9) -> 82.5 (108.2) MB, 5.4 / 0.0 ms  (average mu = 0.991, current mu = 0.991) task; 
[161698:0x55f1ec88e050]    18311 ms: Mark-Compact 85.1 (108.2) -> 19.9 (92.9) MB, 4.8 / 1.1 ms  (+ 2.4 ms in 38 steps since start of marking, biggest step 0.1 ms, walltime since start of marking 16 ms) (average mu = 0.990, current mu = 0.989) finalize incremental marking via task; GC in old space requested
[161698:0x55f1ec88e050]    18357 ms: Scavenge 36.6 (92.9) -> 22.9 (92.9) MB, 1.2 / 0.1 ms  (average mu = 0.990, current mu = 0.989) task; 
[161698:0x55f1ec88e050]    18398 ms: Scavenge 37.3 (92.9) -> 25.1 (92.9) MB, 2.5 / 0.1 ms  (average mu = 0.990, current mu = 0.989) task; 
[161698:0x55f1ec88e050]    18438 ms: Scavenge 39.4 (92.9) -> 27.4 (92.9) MB, 2.0 / 0.1 ms  (average mu = 0.990, current mu = 0.989) task; 
[161698:0x55f1ec88e050]    18482 ms: Scavenge 42.4 (92.9) -> 29.7 (92.9) MB, 3.2 / 0.1 ms  (average mu = 0.990, current mu = 0.989) allocation failure; 
[161698:0x55f1ec88e050]    18516 ms: Scavenge 45.2 (92.9) -> 37.6 (92.9) MB, 4.4 / 0.1 ms  (average mu = 0.990, current mu = 0.989) allocation failure; 
[161698:0x55f1ec88e050]    18533 ms: Scavenge 45.5 (92.9) -> 41.7 (92.9) MB, 3.9 / 0.0 ms  (average mu = 0.990, current mu = 0.989) task; 
[161698:0x55f1ec88e050]    18568 ms: Scavenge 53.7 (92.9) -> 43.2 (92.9) MB, 2.1 / 0.1 ms  (average mu = 0.990, current mu = 0.989) task; 
[161698:0x55f1ec88e050]    18612 ms: Scavenge 58.5 (92.9) -> 45.7 (92.9) MB, 2.6 / 0.1 ms  (average mu = 0.990, current mu = 0.989) allocation failure; 
[161698:0x55f1ec88e050]    18653 ms: Scavenge 60.3 (92.9) -> 47.9 (92.9) MB, 1.7 / 0.1 ms  (average mu = 0.990, current mu = 0.989) task; 
[161698:0x55f1ec88e050]    18693 ms: Scavenge 62.3 (92.9) -> 50.3 (92.9) MB, 1.8 / 0.1 ms  (average mu = 0.990, current mu = 0.989) task; 
[161698:0x55f1ec88e050]    18733 ms: Scavenge 65.4 (92.9) -> 54.7 (92.9) MB, 3.3 / 0.2 ms  (average mu = 0.990, current mu = 0.989) allocation failure; 
[161698:0x55f1ec88e050]    18751 ms: Scavenge 65.7 (92.9) -> 63.3 (92.9) MB, 4.1 / 0.0 ms  (average mu = 0.990, current mu = 0.989) task; 
[161698:0x55f1ec88e050]    18777 ms: Scavenge 71.6 (92.9) -> 63.7 (96.7) MB, 3.5 / 0.1 ms  (average mu = 0.990, current mu = 0.989) task; 
[161698:0x55f1ec88e050]    18821 ms: Scavenge 78.9 (97.2) -> 66.2 (98.9) MB, 1.7 / 0.2 ms  (average mu = 0.990, current mu = 0.989) task; 
[161698:0x55f1ec88e050]    18865 ms: Scavenge 81.2 (98.9) -> 68.6 (100.7) MB, 2.4 / 0.2 ms  (average mu = 0.990, current mu = 0.989) allocation failure; 
[161698:0x55f1ec88e050]    18909 ms: Scavenge 83.5 (101.2) -> 70.8 (102.9) MB, 2.5 / 0.2 ms  (average mu = 0.990, current mu = 0.989) allocation failure; 
[161698:0x55f1ec88e050]    18953 ms: Scavenge 85.9 (103.7) -> 73.2 (105.9) MB, 1.9 / 0.2 ms  (average mu = 0.990, current mu = 0.989) allocation failure; 
[161698:0x55f1ec88e050]    18981 ms: Scavenge 89.1 (106.9) -> 84.9 (108.9) MB, 5.2 / 0.0 ms  (average mu = 0.990, current mu = 0.989) allocation failure; 
[161698:0x55f1ec88e050]    18997 ms: Scavenge 87.4 (108.9) -> 83.9 (117.9) MB, 8.2 / 0.1 ms  (average mu = 0.990, current mu = 0.989) task; 
[161698:0x55f1ec88e050]    19016 ms: Mark-Compact 87.5 (117.9) -> 19.4 (92.2) MB, 4.7 / 1.3 ms  (+ 2.4 ms in 40 steps since start of marking, biggest step 0.1 ms, walltime since start of marking 16 ms) (average mu = 0.990, current mu = 0.990) finalize incremental marking via task; GC in old space requested
[161698:0x55f1ec88e050]    19062 ms: Scavenge 36.1 (92.2) -> 22.3 (92.2) MB, 1.7 / 0.2 ms  (average mu = 0.990, current mu = 0.990) task; 
[161698:0x55f1ec88e050]    19102 ms: Scavenge 36.8 (92.2) -> 24.6 (92.2) MB, 1.9 / 0.2 ms  (average mu = 0.990, current mu = 0.990) task; 
[161698:0x55f1ec88e050]    19144 ms: Scavenge 39.6 (92.2) -> 27.0 (92.2) MB, 2.7 / 0.2 ms  (average mu = 0.990, current mu = 0.990) allocation failure; 
[161698:0x55f1ec88e050]    19185 ms: Scavenge 41.8 (92.2) -> 29.2 (92.2) MB, 1.8 / 0.1 ms  (average mu = 0.990, current mu = 0.990) task; 
[161698:0x55f1ec88e050]    19213 ms: Scavenge 45.0 (92.2) -> 40.6 (92.2) MB, 6.2 / 0.1 ms  (average mu = 0.990, current mu = 0.990) allocation failure; 
[161698:0x55f1ec88e050]    19225 ms: Scavenge 43.7 (92.2) -> 40.1 (92.2) MB, 3.3 / 0.0 ms  (average mu = 0.990, current mu = 0.990) task; 
[161698:0x55f1ec88e050]    19266 ms: Scavenge 55.1 (92.2) -> 42.5 (92.2) MB, 1.4 / 0.1 ms  (average mu = 0.990, current mu = 0.990) task; 
[161698:0x55f1ec88e050]    19305 ms: Scavenge 56.4 (92.2) -> 44.8 (92.2) MB, 1.8 / 0.1 ms  (average mu = 0.990, current mu = 0.990) task; 
[161698:0x55f1ec88e050]    19345 ms: Scavenge 58.9 (92.2) -> 46.9 (92.2) MB, 2.3 / 0.1 ms  (average mu = 0.990, current mu = 0.990) task; 
[161698:0x55f1ec88e050]    19388 ms: Scavenge 61.6 (92.2) -> 49.2 (92.2) MB, 2.9 / 0.1 ms  (average mu = 0.990, current mu = 0.990) task; 
[161698:0x55f1ec88e050]    19425 ms: Scavenge 64.6 (92.2) -> 55.1 (92.2) MB, 3.3 / 0.1 ms  (average mu = 0.990, current mu = 0.990) allocation failure; 
[161698:0x55f1ec88e050]    19447 ms: Scavenge 66.6 (92.2) -> 62.1 (92.2) MB, 4.7 / 0.0 ms  (average mu = 0.990, current mu = 0.990) task; 
[161698:0x55f1ec88e050]    19476 ms: Scavenge 71.8 (92.2) -> 63.0 (95.9) MB, 2.7 / 0.1 ms  (average mu = 0.990, current mu = 0.990) allocation failure; 
[161698:0x55f1ec88e050]    19519 ms: Scavenge 77.9 (96.2) -> 65.4 (97.7) MB, 1.6 / 0.1 ms  (average mu = 0.990, current mu = 0.990) task; 
[161698:0x55f1ec88e050]    19560 ms: Scavenge 80.0 (97.9) -> 67.6 (99.9) MB, 2.0 / 0.1 ms  (average mu = 0.990, current mu = 0.990) task; 
[161698:0x55f1ec88e050]    19603 ms: Scavenge 82.2 (100.4) -> 70.0 (102.7) MB, 1.8 / 0.1 ms  (average mu = 0.990, current mu = 0.990) task; 
[161698:0x55f1ec88e050]    19645 ms: Scavenge 84.9 (102.7) -> 73.1 (104.9) MB, 3.2 / 0.2 ms  (average mu = 0.990, current mu = 0.990) allocation failure; 
[161698:0x55f1ec88e050]    19665 ms: Scavenge 85.7 (105.7) -> 83.3 (108.4) MB, 4.9 / 0.0 ms  (average mu = 0.990, current mu = 0.990) task; 
[161698:0x55f1ec88e050]    19687 ms: Scavenge 89.6 (108.4) -> 83.2 (116.9) MB, 3.0 / 0.1 ms  (average mu = 0.990, current mu = 0.990) task; 
[161698:0x55f1ec88e050]    19705 ms: Mark-Compact 86.9 (116.9) -> 19.3 (91.9) MB, 3.1 / 1.0 ms  (+ 2.8 ms in 47 steps since start of marking, biggest step 0.3 ms, walltime since start of marking 16 ms) (average mu = 0.991, current mu = 0.991) finalize incremental marking via task; GC in old space requested
[161698:0x55f1ec88e050]    19753 ms: Scavenge 36.1 (91.9) -> 22.3 (91.9) MB, 1.3 / 0.2 ms  (average mu = 0.991, current mu = 0.991) allocation failure; 
[161698:0x55f1ec88e050]    19795 ms: Scavenge 37.0 (91.9) -> 24.5 (91.9) MB, 2.9 / 0.1 ms  (average mu = 0.991, current mu = 0.991) allocation failure; 
[161698:0x55f1ec88e050]    19838 ms: Scavenge 39.6 (91.9) -> 26.9 (91.9) MB, 1.9 / 0.1 ms  (average mu = 0.991, current mu = 0.991) allocation failure; 
[161698:0x55f1ec88e050]    19880 ms: Scavenge 42.0 (91.9) -> 30.2 (91.9) MB, 2.7 / 0.1 ms  (average mu = 0.991, current mu = 0.991) allocation failure; 
[161698:0x55f1ec88e050]    19898 ms: Scavenge 42.6 (91.9) -> 40.2 (91.9) MB, 4.1 / 0.0 ms  (average mu = 0.991, current mu = 0.991) task; 
[161698:0x55f1ec88e050]    19921 ms: Scavenge 47.4 (91.9) -> 40.4 (91.9) MB, 2.7 / 0.1 ms  (average mu = 0.991, current mu = 0.991) allocation failure; 
[161698:0x55f1ec88e050]    19966 ms: Scavenge 55.9 (91.9) -> 42.9 (91.9) MB, 1.7 / 0.2 ms  (average mu = 0.991, current mu = 0.991) task; 
[161698:0x55f1ec88e050]    20009 ms: Scavenge 57.7 (91.9) -> 45.2 (91.9) MB, 3.3 / 0.1 ms  (average mu = 0.991, current mu = 0.991) task; 
[161698:0x55f1ec88e050]    20049 ms: Scavenge 59.6 (91.9) -> 47.5 (91.9) MB, 1.8 / 0.1 ms  (average mu = 0.991, current mu = 0.991) task; 
[161698:0x55f1ec88e050]    20088 ms: Scavenge 61.8 (91.9) -> 49.7 (91.9) MB, 1.8 / 0.2 ms  (average mu = 0.991, current mu = 0.991) task; 
[161698:0x55f1ec88e050]    20118 ms: Scavenge 65.4 (91.9) -> 59.9 (91.9) MB, 3.8 / 0.2 ms  (average mu = 0.991, current mu = 0.991) allocation failure; 
[161698:0x55f1ec88e050]    20133 ms: Scavenge 65.0 (91.9) -> 61.0 (92.7) MB, 3.7 / 0.0 ms  (average mu = 0.991, current mu = 0.991) task; 
[161698:0x55f1ec88e050]    20172 ms: Scavenge 74.6 (93.2) -> 63.1 (95.7) MB, 2.0 / 0.2 ms  (average mu = 0.991, current mu = 0.991) task; 
[161698:0x55f1ec88e050]    20215 ms: Scavenge 77.7 (95.9) -> 65.4 (97.4) MB, 3.1 / 0.2 ms  (average mu = 0.991, current mu = 0.991) task; 
[161698:0x55f1ec88e050]    20258 ms: Scavenge 80.5 (98.2) -> 67.8 (100.2) MB, 2.0 / 0.1 ms  (average mu = 0.991, current mu = 0.991) allocation failure; 
[161698:0x55f1ec88e050]    20298 ms: Scavenge 81.7 (100.4) -> 70.0 (102.4) MB, 2.4 / 0.2 ms  (average mu = 0.991, current mu = 0.991) task; 
[161698:0x55f1ec88e050]    20335 ms: Scavenge 85.4 (103.2) -> 75.7 (105.2) MB, 2.4 / 0.1 ms  (average mu = 0.991, current mu = 0.991) allocation failure; 
[161698:0x55f1ec88e050]    20359 ms: Scavenge 87.8 (105.7) -> 82.8 (110.2) MB, 4.1 / 0.1 ms  (average mu = 0.991, current mu = 0.991) task; 
[161698:0x55f1ec88e050]    20388 ms: Scavenge 92.3 (110.2) -> 83.6 (117.2) MB, 3.0 / 0.1 ms  (average mu = 0.991, current mu = 0.991) allocation failure; 
[161698:0x55f1ec88e050]    20402 ms: Mark-Compact 85.7 (117.2) -> 17.5 (92.7) MB, 4.5 / 0.9 ms  (+ 1.8 ms in 27 steps since start of marking, biggest step 0.1 ms, walltime since start of marking 12 ms) (average mu = 0.991, current mu = 0.991) finalize incremental marking via task; GC in old space requested
[161698:0x55f1ec88e050]    20449 ms: Scavenge 33.9 (92.7) -> 20.4 (92.7) MB, 1.4 / 0.2 ms  (average mu = 0.991, current mu = 0.991) task; 
[161698:0x55f1ec88e050]    20490 ms: Scavenge 34.9 (92.7) -> 22.6 (92.7) MB, 2.3 / 0.1 ms  (average mu = 0.991, current mu = 0.991) task; 
[161698:0x55f1ec88e050]    20532 ms: Scavenge 37.7 (92.7) -> 25.0 (92.7) MB, 2.5 / 0.1 ms  (average mu = 0.991, current mu = 0.991) allocation failure; 
[161698:0x55f1ec88e050]    20568 ms: Scavenge 40.3 (92.7) -> 31.3 (92.7) MB, 3.8 / 0.1 ms  (average mu = 0.991, current mu = 0.991) allocation failure; 
[161698:0x55f1ec88e050]    20586 ms: Scavenge 41.5 (92.7) -> 37.6 (92.7) MB, 3.3 / 0.0 ms  (average mu = 0.991, current mu = 0.991) task; 
[161698:0x55f1ec88e050]    20616 ms: Scavenge 47.9 (92.7) -> 38.6 (92.7) MB, 2.4 / 0.1 ms  (average mu = 0.991, current mu = 0.991) allocation failure; 
[161698:0x55f1ec88e050]    20657 ms: Scavenge 53.3 (92.7) -> 40.9 (92.7) MB, 1.7 / 0.2 ms  (average mu = 0.991, current mu = 0.991) task; 
[161698:0x55f1ec88e050]    20698 ms: Scavenge 55.9 (92.7) -> 43.2 (92.7) MB, 2.2 / 0.1 ms  (average mu = 0.991, current mu = 0.991) task; 
[161698:0x55f1ec88e050]    20737 ms: Scavenge 56.8 (92.7) -> 45.4 (92.7) MB, 2.2 / 0.2 ms  (average mu = 0.991, current mu = 0.991) task; 
[161698:0x55f1ec88e050]    20776 ms: Scavenge 59.7 (92.7) -> 47.7 (92.7) MB, 1.7 / 0.1 ms  (average mu = 0.991, current mu = 0.991) task; 
[161698:0x55f1ec88e050]    20802 ms: Scavenge 63.6 (92.7) -> 59.2 (92.7) MB, 4.2 / 0.0 ms  (average mu = 0.991, current mu = 0.991) allocation failure; 
[161698:0x55f1ec88e050]    20819 ms: Scavenge 64.5 (92.7) -> 58.6 (92.7) MB, 3.0 / 0.1 ms  (average mu = 0.991, current mu = 0.991) task; 
[161698:0x55f1ec88e050]    20864 ms: Scavenge 74.7 (92.7) -> 61.3 (93.4) MB, 2.0 / 0.2 ms  (average mu = 0.991, current mu = 0.991) allocation failure; 
[161698:0x55f1ec88e050]    20908 ms: Scavenge 76.1 (93.7) -> 63.6 (95.9) MB, 3.2 / 0.2 ms  (average mu = 0.991, current mu = 0.991) allocation failure; 
[161698:0x55f1ec88e050]    20950 ms: Scavenge 78.2 (96.2) -> 65.9 (98.4) MB, 1.9 / 0.1 ms  (average mu = 0.991, current mu = 0.991) task; 
[161698:0x55f1ec88e050]    20991 ms: Scavenge 79.7 (98.4) -> 68.0 (100.7) MB, 3.8 / 0.2 ms  (average mu = 0.991, current mu = 0.991) task; 
[161698:0x55f1ec88e050]    21023 ms: Scavenge 83.7 (101.4) -> 78.3 (103.4) MB, 5.4 / 0.1 ms  (average mu = 0.991, current mu = 0.991) allocation failure; 
[161698:0x55f1ec88e050]    21041 ms: Scavenge 83.4 (103.4) -> 79.2 (111.4) MB, 6.7 / 0.1 ms  (average mu = 0.991, current mu = 0.991) task; 
[161698:0x55f1ec88e050]    21061 ms: Mark-Compact 82.9 (111.4) -> 19.3 (91.9) MB, 5.2 / 2.7 ms  (+ 2.6 ms in 38 steps since start of marking, biggest step 0.1 ms, walltime since start of marking 16 ms) (average mu = 0.990, current mu = 0.988) finalize incremental marking via task; GC in old space requested
[161698:0x55f1ec88e050]    21109 ms: Scavenge 36.1 (91.9) -> 22.2 (91.9) MB, 2.6 / 0.2 ms  (average mu = 0.990, current mu = 0.988) allocation failure; 
[161698:0x55f1ec88e050]    21154 ms: Scavenge 36.4 (91.9) -> 24.4 (91.9) MB, 2.2 / 0.2 ms  (average mu = 0.990, current mu = 0.988) task; 
[161698:0x55f1ec88e050]    21195 ms: Scavenge 38.8 (91.9) -> 26.7 (91.9) MB, 2.3 / 0.1 ms  (average mu = 0.990, current mu = 0.988) task; 
[161698:0x55f1ec88e050]    21237 ms: Scavenge 41.4 (91.9) -> 28.9 (91.9) MB, 2.3 / 0.1 ms  (average mu = 0.990, current mu = 0.988) task; 
[161698:0x55f1ec88e050]    21269 ms: Scavenge 44.7 (91.9) -> 39.5 (91.9) MB, 7.6 / 0.1 ms  (average mu = 0.990, current mu = 0.988) allocation failure; 
[161698:0x55f1ec88e050]    21285 ms: Scavenge 44.5 (91.9) -> 40.1 (91.9) MB, 5.1 / 0.0 ms  (average mu = 0.990, current mu = 0.988) task; 
[161698:0x55f1ec88e050]    21324 ms: Scavenge 53.7 (91.9) -> 42.2 (91.9) MB, 2.0 / 0.1 ms  (average mu = 0.990, current mu = 0.988) task; 
[161698:0x55f1ec88e050]    21365 ms: Scavenge 56.4 (91.9) -> 44.5 (91.9) MB, 2.0 / 0.2 ms  (average mu = 0.990, current mu = 0.988) task; 
[161698:0x55f1ec88e050]    21408 ms: Scavenge 58.8 (91.9) -> 46.7 (91.9) MB, 3.7 / 0.9 ms  (average mu = 0.990, current mu = 0.988) task; 
[161698:0x55f1ec88e050]    21448 ms: Scavenge 60.9 (91.9) -> 49.1 (91.9) MB, 2.5 / 0.1 ms  (average mu = 0.990, current mu = 0.988) task; 
[161698:0x55f1ec88e050]    21487 ms: Scavenge 64.3 (91.9) -> 54.1 (91.9) MB, 2.7 / 0.1 ms  (average mu = 0.990, current mu = 0.988) allocation failure; 
[161698:0x55f1ec88e050]    21510 ms: Scavenge 66.4 (91.9) -> 62.0 (91.9) MB, 5.5 / 0.1 ms  (average mu = 0.990, current mu = 0.988) task; 
[161698:0x55f1ec88e050]    21536 ms: Scavenge 69.9 (91.9) -> 62.4 (95.4) MB, 3.3 / 0.1 ms  (average mu = 0.990, current mu = 0.988) task; 
[161698:0x55f1ec88e050]    21581 ms: Scavenge 78.3 (95.9) -> 65.2 (97.4) MB, 1.9 / 0.2 ms  (average mu = 0.990, current mu = 0.988) allocation failure; 
[161698:0x55f1ec88e050]    21622 ms: Scavenge 79.6 (97.7) -> 67.4 (99.4) MB, 2.0 / 0.2 ms  (average mu = 0.990, current mu = 0.988) task; 
[161698:0x55f1ec88e050]    21663 ms: Scavenge 81.8 (99.9) -> 69.5 (101.9) MB, 2.1 / 0.2 ms  (average mu = 0.990, current mu = 0.988) task; 
[161698:0x55f1ec88e050]    21703 ms: Scavenge 83.7 (102.2) -> 71.7 (104.4) MB, 1.9 / 0.2 ms  (average mu = 0.990, current mu = 0.988) task; 
[161698:0x55f1ec88e050]    21731 ms: Scavenge 87.7 (105.4) -> 83.4 (107.2) MB, 5.4 / 0.0 ms  (average mu = 0.990, current mu = 0.988) allocation failure; 
[161698:0x55f1ec88e050]    21750 ms: Scavenge 88.3 (107.2) -> 82.7 (116.4) MB, 4.7 / 0.1 ms  (average mu = 0.990, current mu = 0.988) task; 
[161698:0x55f1ec88e050]    21766 ms: Mark-Compact 85.1 (116.4) -> 18.7 (91.9) MB, 5.0 / 1.2 ms  (+ 2.1 ms in 31 steps since start of marking, biggest step 0.1 ms, walltime since start of marking 14 ms) (average mu = 0.990, current mu = 0.990) finalize incremental marking via task; GC in old space requested
[161698:0x55f1ec88e050]    21816 ms: Scavenge 35.5 (91.9) -> 21.7 (91.9) MB, 1.7 / 0.2 ms  (average mu = 0.990, current mu = 0.990) allocation failure; 
[161698:0x55f1ec88e050]    21860 ms: Scavenge 35.3 (91.9) -> 23.7 (91.9) MB, 5.1 / 0.1 ms  (average mu = 0.990, current mu = 0.990) task; 
[161698:0x55f1ec88e050]    21909 ms: Scavenge 38.6 (91.9) -> 26.0 (91.9) MB, 6.3 / 0.2 ms  (average mu = 0.990, current mu = 0.990) task; 
[161698:0x55f1ec88e050]    21965 ms: Scavenge 41.1 (91.9) -> 28.4 (91.9) MB, 3.2 / 0.1 ms  (average mu = 0.990, current mu = 0.990) allocation failure; 
[161698:0x55f1ec88e050]    21994 ms: Scavenge 43.5 (91.9) -> 39.9 (91.9) MB, 6.8 / 0.0 ms  (average mu = 0.990, current mu = 0.990) task; 
[161698:0x55f1ec88e050]    22021 ms: Scavenge 45.9 (91.9) -> 39.4 (91.9) MB, 6.4 / 0.1 ms  (average mu = 0.990, current mu = 0.990) allocation failure; 
[161698:0x55f1ec88e050]    22062 ms: Scavenge 54.1 (91.9) -> 41.9 (91.9) MB, 1.7 / 0.1 ms  (average mu = 0.990, current mu = 0.990) task; 
[161698:0x55f1ec88e050]    22103 ms: Scavenge 56.7 (91.9) -> 44.2 (91.9) MB, 2.3 / 0.1 ms  (average mu = 0.990, current mu = 0.990) task; 
[161698:0x55f1ec88e050]    22145 ms: Scavenge 58.7 (91.9) -> 46.5 (91.9) MB, 3.5 / 0.1 ms  (average mu = 0.990, current mu = 0.990) task; 
[161698:0x55f1ec88e050]    22186 ms: Scavenge 61.2 (91.9) -> 48.7 (91.9) MB, 1.9 / 0.1 ms  (average mu = 0.990, current mu = 0.990) task; 
[161698:0x55f1ec88e050]    22217 ms: Scavenge 64.4 (91.9) -> 57.9 (91.9) MB, 3.6 / 0.1 ms  (average mu = 0.990, current mu = 0.990) allocation failure; 
[161698:0x55f1ec88e050]    22234 ms: Scavenge 65.0 (91.9) -> 60.4 (91.9) MB, 3.4 / 0.0 ms  (average mu = 0.990, current mu = 0.990) task; 
[161698:0x55f1ec88e050]    22273 ms: Scavenge 73.8 (91.9) -> 62.4 (95.2) MB, 2.4 / 0.2 ms  (average mu = 0.990, current mu = 0.990) allocation failure; 
[161698:0x55f1ec88e050]    22316 ms: Scavenge 77.6 (95.2) -> 64.8 (96.9) MB, 1.9 / 0.2 ms  (average mu = 0.990, current mu = 0.990) allocation failure; 
[161698:0x55f1ec88e050]    22358 ms: Scavenge 79.2 (97.4) -> 67.1 (99.4) MB, 2.6 / 0.2 ms  (average mu = 0.990, current mu = 0.990) task; 
[161698:0x55f1ec88e050]    22399 ms: Scavenge 81.5 (99.7) -> 69.2 (101.7) MB, 2.0 / 0.2 ms  (average mu = 0.990, current mu = 0.990) task; 
[161698:0x55f1ec88e050]    22440 ms: Scavenge 84.7 (102.4) -> 75.5 (104.4) MB, 5.6 / 0.1 ms  (average mu = 0.990, current mu = 0.990) allocation failure; 
[161698:0x55f1ec88e050]    22469 ms: Scavenge 87.1 (104.9) -> 82.0 (109.7) MB, 6.0 / 0.1 ms  (average mu = 0.990, current mu = 0.990) task; 
[161698:0x55f1ec88e050]    22501 ms: Mark-Compact 87.8 (109.7) -> 19.9 (92.9) MB, 5.3 / 0.9 ms  (+ 3.2 ms in 54 steps since start of marking, biggest step 0.1 ms, walltime since start of marking 23 ms) (average mu = 0.989, current mu = 0.988) finalize incremental marking via task; GC in old space requested
[161698:0x55f1ec88e050]    22553 ms: Scavenge 35.9 (92.9) -> 22.7 (92.9) MB, 1.8 / 0.2 ms  (average mu = 0.989, current mu = 0.988) task; 
[161698:0x55f1ec88e050]    22597 ms: Scavenge 37.6 (92.9) -> 25.0 (92.9) MB, 3.3 / 0.2 ms  (average mu = 0.989, current mu = 0.988) allocation failure; 
[161698:0x55f1ec88e050]    22642 ms: Scavenge 39.6 (92.9) -> 27.2 (92.9) MB, 2.7 / 0.2 ms  (average mu = 0.989, current mu = 0.988) task; 
[161698:0x55f1ec88e050]    22682 ms: Scavenge 41.6 (92.9) -> 29.6 (92.9) MB, 1.8 / 0.2 ms  (average mu = 0.989, current mu = 0.988) task; 
[161698:0x55f1ec88e050]    22711 ms: Scavenge 45.4 (92.9) -> 41.1 (92.9) MB, 6.5 / 0.0 ms  (average mu = 0.989, current mu = 0.988) allocation failure; 
[161698:0x55f1ec88e050]    22729 ms: Scavenge 46.7 (92.9) -> 40.5 (92.9) MB, 2.9 / 0.1 ms  (average mu = 0.989, current mu = 0.988) task; 
[161698:0x55f1ec88e050]    22774 ms: Scavenge 56.6 (92.9) -> 43.2 (92.9) MB, 1.8 / 0.2 ms  (average mu = 0.989, current mu = 0.988) allocation failure; 
[161698:0x55f1ec88e050]    22817 ms: Scavenge 58.1 (92.9) -> 45.5 (92.9) MB, 2.3 / 0.2 ms  (average mu = 0.989, current mu = 0.988) allocation failure; 
[161698:0x55f1ec88e050]    22859 ms: Scavenge 60.1 (92.9) -> 48.0 (92.9) MB, 4.1 / 0.2 ms  (average mu = 0.989, current mu = 0.988) task; 
[161698:0x55f1ec88e050]    22898 ms: Scavenge 61.5 (92.9) -> 50.0 (92.9) MB, 1.9 / 0.2 ms  (average mu = 0.989, current mu = 0.988) task; 
[161698:0x55f1ec88e050]    22928 ms: Scavenge 65.8 (92.9) -> 59.7 (92.9) MB, 4.1 / 0.1 ms  (average mu = 0.989, current mu = 0.988) allocation failure; 
[161698:0x55f1ec88e050]    22944 ms: Scavenge 65.1 (92.9) -> 61.3 (92.9) MB, 5.6 / 0.0 ms  (average mu = 0.989, current mu = 0.988) task; 
[161698:0x55f1ec88e050]    22982 ms: Scavenge 74.8 (92.9) -> 63.3 (95.9) MB, 1.8 / 0.2 ms  (average mu = 0.989, current mu = 0.988) task; 
[161698:0x55f1ec88e050]    23025 ms: Scavenge 78.4 (96.2) -> 65.7 (98.2) MB, 2.0 / 0.1 ms  (average mu = 0.989, current mu = 0.988) task; 
[161698:0x55f1ec88e050]    23067 ms: Scavenge 80.7 (98.4) -> 68.1 (100.4) MB, 1.8 / 0.1 ms  (average mu = 0.989, current mu = 0.988) task; 
[161698:0x55f1ec88e050]    23110 ms: Scavenge 83.2 (100.9) -> 70.6 (102.9) MB, 2.2 / 0.2 ms  (average mu = 0.989, current mu = 0.988) task; 
fetch: 23.073s
